stm32f4xx_hal_spi.c:315:19:HAL_SPI_Init	16	static
stm32f4xx_hal_spi.c:416:19:HAL_SPI_DeInit	16	static
stm32f4xx_hal_spi.c:457:13:HAL_SPI_MspInit	16	static
stm32f4xx_hal_spi.c:472:13:HAL_SPI_MspDeInit	16	static
stm32f4xx_hal_spi.c:491:19:HAL_SPI_RegisterCallback	32	static
stm32f4xx_hal_spi.c:593:19:HAL_SPI_UnRegisterCallback	24	static
stm32f4xx_hal_spi.c:727:19:HAL_SPI_Transmit	40	static
stm32f4xx_hal_spi.c:872:19:HAL_SPI_Receive	40	static
stm32f4xx_hal_spi.c:1045:19:HAL_SPI_TransmitReceive	56	static
stm32f4xx_hal_spi.c:1254:19:HAL_SPI_Transmit_IT	32	static
stm32f4xx_hal_spi.c:1329:19:HAL_SPI_Receive_IT	32	static
stm32f4xx_hal_spi.c:1414:19:HAL_SPI_TransmitReceive_IT	32	static
stm32f4xx_hal_spi.c:1497:19:HAL_SPI_Transmit_DMA	32	static
stm32f4xx_hal_spi.c:1599:19:HAL_SPI_Receive_DMA	32	static
stm32f4xx_hal_spi.c:1708:19:HAL_SPI_TransmitReceive_DMA	32	static
stm32f4xx_hal_spi.c:1848:19:HAL_SPI_Abort	40	static
stm32f4xx_hal_spi.c:1977:19:HAL_SPI_Abort_IT	40	static
stm32f4xx_hal_spi.c:2111:19:HAL_SPI_DMAPause	16	static
stm32f4xx_hal_spi.c:2130:19:HAL_SPI_DMAResume	16	static
stm32f4xx_hal_spi.c:2149:19:HAL_SPI_DMAStop	24	static
stm32f4xx_hal_spi.c:2184:6:HAL_SPI_IRQHandler	40	static
stm32f4xx_hal_spi.c:2279:13:HAL_SPI_TxCpltCallback	16	static
stm32f4xx_hal_spi.c:2294:13:HAL_SPI_RxCpltCallback	16	static
stm32f4xx_hal_spi.c:2309:13:HAL_SPI_TxRxCpltCallback	16	static
stm32f4xx_hal_spi.c:2324:13:HAL_SPI_TxHalfCpltCallback	16	static
stm32f4xx_hal_spi.c:2339:13:HAL_SPI_RxHalfCpltCallback	16	static
stm32f4xx_hal_spi.c:2354:13:HAL_SPI_TxRxHalfCpltCallback	16	static
stm32f4xx_hal_spi.c:2369:13:HAL_SPI_ErrorCallback	16	static
stm32f4xx_hal_spi.c:2386:13:HAL_SPI_AbortCpltCallback	16	static
stm32f4xx_hal_spi.c:2420:22:HAL_SPI_GetState	16	static
stm32f4xx_hal_spi.c:2431:10:HAL_SPI_GetError	16	static
stm32f4xx_hal_spi.c:2455:13:SPI_DMATransmitCplt	32	static
stm32f4xx_hal_spi.c:2509:13:SPI_DMAReceiveCplt	24	static
stm32f4xx_hal_spi.c:2589:13:SPI_DMATransmitReceiveCplt	24	static
stm32f4xx_hal_spi.c:2662:13:SPI_DMAHalfTransmitCplt	24	static
stm32f4xx_hal_spi.c:2680:13:SPI_DMAHalfReceiveCplt	24	static
stm32f4xx_hal_spi.c:2698:13:SPI_DMAHalfTransmitReceiveCplt	24	static
stm32f4xx_hal_spi.c:2716:13:SPI_DMAError	24	static
stm32f4xx_hal_spi.c:2739:13:SPI_DMAAbortOnError	24	static
stm32f4xx_hal_spi.c:2761:13:SPI_DMATxAbortCallback	32	static
stm32f4xx_hal_spi.c:2822:13:SPI_DMARxAbortCallback	32	static
stm32f4xx_hal_spi.c:2878:13:SPI_2linesRxISR_8BIT	16	static
stm32f4xx_hal_spi.c:2931:13:SPI_2linesTxISR_8BIT	16	static
stm32f4xx_hal_spi.c:2964:13:SPI_2linesRxISR_16BIT	16	static
stm32f4xx_hal_spi.c:3013:13:SPI_2linesTxISR_16BIT	16	static
stm32f4xx_hal_spi.c:3063:13:SPI_RxISR_8BIT	16	static
stm32f4xx_hal_spi.c:3113:13:SPI_RxISR_16BIT	16	static
stm32f4xx_hal_spi.c:3144:13:SPI_TxISR_8BIT	16	static
stm32f4xx_hal_spi.c:3167:13:SPI_TxISR_16BIT	16	static
stm32f4xx_hal_spi.c:3195:26:SPI_WaitFlagStateUntilTimeout	24	static
stm32f4xx_hal_spi.c:3242:26:SPI_EndRxTransaction	32	static
stm32f4xx_hal_spi.c:3286:26:SPI_EndRxTxTransaction	40	static
stm32f4xx_hal_spi.c:3323:13:SPI_CloseRxTx_ISR	32	static
stm32f4xx_hal_spi.c:3409:13:SPI_CloseRx_ISR	24	static
stm32f4xx_hal_spi.c:3467:13:SPI_CloseTx_ISR	32	static
stm32f4xx_hal_spi.c:3522:13:SPI_AbortRx_ISR	24	static
stm32f4xx_hal_spi.c:3554:13:SPI_AbortTx_ISR	16	static
