PixelMapping.h:14:3:PixelMapping::Pixel::Pixel(uint16_t, uint16_t)	16	static
PixelMapping.h:28:8:virtual PixelMapping::Pixel SimplePixelMapping::mapVirtualPixelToPhysicalPixel(PixelMapping::Pixel)	24	static
PixelMapping.h:11:7:constexpr PixelMapping::PixelMapping()	16	static
PixelMapping.h:35:2:LeftToRightPixelMapping::LeftToRightPixelMapping(uint8_t, uint16_t, uint16_t)	24	static
PixelMapping.h:41:8:virtual PixelMapping::Pixel LeftToRightPixelMapping::mapVirtualPixelToPhysicalPixel(PixelMapping::Pixel)	32	static
PixelMapping.h:68:2:SnakePixelMappingFedBottomRight::SnakePixelMappingFedBottomRight(uint8_t, uint16_t, uint16_t)	24	static
PixelMapping.h:74:8:virtual PixelMapping::Pixel SnakePixelMappingFedBottomRight::mapVirtualPixelToPhysicalPixel(PixelMapping::Pixel)	32	static
configuration.h:11:8:Configuration::Configuration()	16	static
cpp_main.cpp:37:6:void readConfiguration()	4	static
PixelMapping.h:26:7:constexpr SimplePixelMapping::SimplePixelMapping()	16	static
cpp_main.cpp:57:6:void configure()	16	static
cpp_main.cpp:86:6:void open()	8	static
cpp_main.cpp:94:6:void draw(PixelMapping::Pixel, uint8_t, uint8_t, uint8_t, uint8_t)	48	static
cpp_main.cpp:104:6:void commit()	8	static
cpp_main.cpp:121:2:RxBuffer::RxBuffer()	24	static
cpp_main.cpp:137:6:void RxCpltCallback(SPI_HandleTypeDef*)	16	static
cpp_main.cpp:166:6:void HAL_SPI_Error(SPI_HandleTypeDef*)	16	static
cpp_main.cpp:172:6:void BeginReceive()	16	static,ignoring_inline_asm
cpp_main.cpp:199:6:void HAL_GPIO_EXTI_Callback(uint16_t)	16	static
cpp_main.cpp:211:16:int cpp_main()	56	static
cpp_main.cpp:444:1:void __static_initialization_and_destruction_0(int, int)	24	static
cpp_main.cpp:444:1:cpp)	8	static
cpp_main.cpp:444:1:cpp)	8	static
