matrix_driver.cpp:46:6:void DMA_Complete(DMA_HandleTypeDef*)	16	static
matrix_driver.cpp:50:6:void DMA_Abort(DMA_HandleTypeDef*)	16	static
matrix_driver.cpp:54:6:void DMA_Error(DMA_HandleTypeDef*)	16	static
matrix_driver.cpp:71:10:uint16_t MatrixDriver::BufferOffset(uint16_t, uint16_t, uint8_t)	32	static
DisplayDriver.h:11:7:constexpr DisplayDriver::DisplayDriver()	16	static
matrix_driver.cpp:82:1:MatrixDriver::MatrixDriver(uint16_t, uint16_t, MatrixDriver::ScanType)	24	static
matrix_driver.cpp:97:6:virtual void MatrixDriver::Open()	56	static
matrix_driver.cpp:170:6:virtual void MatrixDriver::Close()	16	static
matrix_driver.cpp:199:9:uint8_t MatrixDriver::PlaneBits(uint8_t)	24	static
matrix_driver.cpp:238:6:void MatrixDriver::Dump()	136	static
matrix_driver.cpp:321:6:virtual void MatrixDriver::SetPixel(uint16_t, uint16_t, uint8_t, uint8_t, uint8_t, uint8_t)	56	static
matrix_driver.cpp:366:6:virtual void MatrixDriver::SwapBuffer()	16	static
matrix_driver.cpp:372:6:void MatrixDriver::Handle()	24	static
matrix_driver.cpp:398:6:void MatrixDriver::StartNextDma()	32	static
