matrix_driver.cpp:48:6:void DMA_Complete(DMA_HandleTypeDef*)	16	static
matrix_driver.cpp:55:10:uint16_t MatrixDriver::BufferOffset(uint8_t, uint8_t, uint8_t)	16	static
matrix_driver.cpp:60:1:MatrixDriver::MatrixDriver(uint8_t, uint8_t, MatrixDriver::ScanType)	32	static
matrix_driver.cpp:104:6:void MatrixDriver::open()	16	static
matrix_driver.cpp:131:6:void MatrixDriver::Send()	16	static
matrix_driver.cpp:140:9:uint8_t MatrixDriver::PlaneBits(uint8_t)	24	static
matrix_driver.cpp:166:6:void MatrixDriver::Dump()	136	static
matrix_driver.cpp:206:6:void MatrixDriver::SetPixel(uint8_t, uint8_t, uint8_t, uint8_t, uint8_t)	40	static
matrix_driver.cpp:249:6:void MatrixDriver::SwapBuffer()	16	static
matrix_driver.cpp:255:6:void MatrixDriver::SendPlanePixel()	16	static
matrix_driver.cpp:270:6:void MatrixDriver::Clock()	16	static
matrix_driver.cpp:275:6:void MatrixDriver::Handle()	16	static
matrix_driver.cpp:291:6:void MatrixDriver::StartNextDma()	24	static
matrix_driver.cpp:304:6:void MatrixDriver::Latch()	24	static
