Archive member included to satisfy reference by file (symbol)

/opt/st/stm32cubeide_1.4.0/plugins/com.st.stm32cube.ide.mcu.externaltools.gnu-tools-for-stm32.7-2018-q2-update.linux64_1.4.0.202007081208/tools/bin/../lib/gcc/arm-none-eabi/7.3.1/../../../../arm-none-eabi/lib/thumb/v7-m/libstdc++_nano.a(new_opv.o)
                              Core/Src/matrix_driver.o (operator new[](unsigned int))
/opt/st/stm32cubeide_1.4.0/plugins/com.st.stm32cube.ide.mcu.externaltools.gnu-tools-for-stm32.7-2018-q2-update.linux64_1.4.0.202007081208/tools/bin/../lib/gcc/arm-none-eabi/7.3.1/../../../../arm-none-eabi/lib/thumb/v7-m/libstdc++_nano.a(new_op.o)
                              /opt/st/stm32cubeide_1.4.0/plugins/com.st.stm32cube.ide.mcu.externaltools.gnu-tools-for-stm32.7-2018-q2-update.linux64_1.4.0.202007081208/tools/bin/../lib/gcc/arm-none-eabi/7.3.1/../../../../arm-none-eabi/lib/thumb/v7-m/libstdc++_nano.a(new_opv.o) (operator new(unsigned int))
/opt/st/stm32cubeide_1.4.0/plugins/com.st.stm32cube.ide.mcu.externaltools.gnu-tools-for-stm32.7-2018-q2-update.linux64_1.4.0.202007081208/tools/bin/../lib/gcc/arm-none-eabi/7.3.1/../../../../arm-none-eabi/lib/thumb/v7-m/libstdc++_nano.a(new_handler.o)
                              /opt/st/stm32cubeide_1.4.0/plugins/com.st.stm32cube.ide.mcu.externaltools.gnu-tools-for-stm32.7-2018-q2-update.linux64_1.4.0.202007081208/tools/bin/../lib/gcc/arm-none-eabi/7.3.1/../../../../arm-none-eabi/lib/thumb/v7-m/libstdc++_nano.a(new_op.o) (std::get_new_handler())
/opt/st/stm32cubeide_1.4.0/plugins/com.st.stm32cube.ide.mcu.externaltools.gnu-tools-for-stm32.7-2018-q2-update.linux64_1.4.0.202007081208/tools/bin/../lib/gcc/arm-none-eabi/7.3.1/../../../../arm-none-eabi/lib/thumb/v7-m/libc_nano.a(lib_a-abort.o)
                              /opt/st/stm32cubeide_1.4.0/plugins/com.st.stm32cube.ide.mcu.externaltools.gnu-tools-for-stm32.7-2018-q2-update.linux64_1.4.0.202007081208/tools/bin/../lib/gcc/arm-none-eabi/7.3.1/../../../../arm-none-eabi/lib/thumb/v7-m/libstdc++_nano.a(new_op.o) (abort)
/opt/st/stm32cubeide_1.4.0/plugins/com.st.stm32cube.ide.mcu.externaltools.gnu-tools-for-stm32.7-2018-q2-update.linux64_1.4.0.202007081208/tools/bin/../lib/gcc/arm-none-eabi/7.3.1/../../../../arm-none-eabi/lib/thumb/v7-m/libc_nano.a(lib_a-errno.o)
                              Core/Src/syscalls.o (__errno)
/opt/st/stm32cubeide_1.4.0/plugins/com.st.stm32cube.ide.mcu.externaltools.gnu-tools-for-stm32.7-2018-q2-update.linux64_1.4.0.202007081208/tools/bin/../lib/gcc/arm-none-eabi/7.3.1/../../../../arm-none-eabi/lib/thumb/v7-m/libc_nano.a(lib_a-exit.o)
                              /opt/st/stm32cubeide_1.4.0/plugins/com.st.stm32cube.ide.mcu.externaltools.gnu-tools-for-stm32.7-2018-q2-update.linux64_1.4.0.202007081208/tools/bin/../lib/gcc/arm-none-eabi/7.3.1/../../../../arm-none-eabi/lib/thumb/v7-m/crt0.o (exit)
/opt/st/stm32cubeide_1.4.0/plugins/com.st.stm32cube.ide.mcu.externaltools.gnu-tools-for-stm32.7-2018-q2-update.linux64_1.4.0.202007081208/tools/bin/../lib/gcc/arm-none-eabi/7.3.1/../../../../arm-none-eabi/lib/thumb/v7-m/libc_nano.a(lib_a-impure.o)
                              /opt/st/stm32cubeide_1.4.0/plugins/com.st.stm32cube.ide.mcu.externaltools.gnu-tools-for-stm32.7-2018-q2-update.linux64_1.4.0.202007081208/tools/bin/../lib/gcc/arm-none-eabi/7.3.1/../../../../arm-none-eabi/lib/thumb/v7-m/libc_nano.a(lib_a-exit.o) (_global_impure_ptr)
/opt/st/stm32cubeide_1.4.0/plugins/com.st.stm32cube.ide.mcu.externaltools.gnu-tools-for-stm32.7-2018-q2-update.linux64_1.4.0.202007081208/tools/bin/../lib/gcc/arm-none-eabi/7.3.1/../../../../arm-none-eabi/lib/thumb/v7-m/libc_nano.a(lib_a-init.o)
                              /opt/st/stm32cubeide_1.4.0/plugins/com.st.stm32cube.ide.mcu.externaltools.gnu-tools-for-stm32.7-2018-q2-update.linux64_1.4.0.202007081208/tools/bin/../lib/gcc/arm-none-eabi/7.3.1/../../../../arm-none-eabi/lib/thumb/v7-m/crt0.o (__libc_init_array)
/opt/st/stm32cubeide_1.4.0/plugins/com.st.stm32cube.ide.mcu.externaltools.gnu-tools-for-stm32.7-2018-q2-update.linux64_1.4.0.202007081208/tools/bin/../lib/gcc/arm-none-eabi/7.3.1/../../../../arm-none-eabi/lib/thumb/v7-m/libc_nano.a(lib_a-malloc.o)
                              /opt/st/stm32cubeide_1.4.0/plugins/com.st.stm32cube.ide.mcu.externaltools.gnu-tools-for-stm32.7-2018-q2-update.linux64_1.4.0.202007081208/tools/bin/../lib/gcc/arm-none-eabi/7.3.1/../../../../arm-none-eabi/lib/thumb/v7-m/libstdc++_nano.a(new_op.o) (malloc)
/opt/st/stm32cubeide_1.4.0/plugins/com.st.stm32cube.ide.mcu.externaltools.gnu-tools-for-stm32.7-2018-q2-update.linux64_1.4.0.202007081208/tools/bin/../lib/gcc/arm-none-eabi/7.3.1/../../../../arm-none-eabi/lib/thumb/v7-m/libc_nano.a(lib_a-memset.o)
                              /opt/st/stm32cubeide_1.4.0/plugins/com.st.stm32cube.ide.mcu.externaltools.gnu-tools-for-stm32.7-2018-q2-update.linux64_1.4.0.202007081208/tools/bin/../lib/gcc/arm-none-eabi/7.3.1/../../../../arm-none-eabi/lib/thumb/v7-m/crt0.o (memset)
[...]
Memory Configuration

Name             Origin             Length             Attributes
RAM              0x0000000020000000 0x0000000000005000 xrw
FLASH            0x0000000008000000 0x0000000000010000 xr
*default*        0x0000000000000000 0xffffffffffffffff

Linker script and memory map

LOAD /opt/st/stm32cubeide_1.4.0/plugins/com.st.stm32cube.ide.mcu.externaltools.gnu-tools-for-stm32.7-2018-q2-update.linux64_1.4.0.202007081208/tools/bin/../lib/gcc/arm-none-eabi/7.3.1/thumb/v7-m/crti.o
LOAD /opt/st/stm32cubeide_1.4.0/plugins/com.st.stm32cube.ide.mcu.externaltools.gnu-tools-for-stm32.7-2018-q2-update.linux64_1.4.0.202007081208/tools/bin/../lib/gcc/arm-none-eabi/7.3.1/thumb/v7-m/crtbegin.o
LOAD /opt/st/stm32cubeide_1.4.0/plugins/com.st.stm32cube.ide.mcu.externaltools.gnu-tools-for-stm32.7-2018-q2-update.linux64_1.4.0.202007081208/tools/bin/../lib/gcc/arm-none-eabi/7.3.1/../../../../arm-none-eabi/lib/thumb/v7-m/crt0.o
LOAD Core/Src/cpp_main.o
LOAD Core/Src/main.o
LOAD Core/Src/matrix_driver.o
LOAD Core/Src/stm32f1xx_hal_msp.o
LOAD Core/Src/stm32f1xx_it.o
LOAD Core/Src/syscalls.o
LOAD Core/Src/sysmem.o
LOAD Core/Src/system_stm32f1xx.o
LOAD Core/Startup/startup_stm32f103c8tx.o
LOAD Drivers/STM32F1xx_HAL_Driver/Src/stm32f1xx_hal.o
LOAD Drivers/STM32F1xx_HAL_Driver/Src/stm32f1xx_hal_cortex.o
LOAD Drivers/STM32F1xx_HAL_Driver/Src/stm32f1xx_hal_dma.o
LOAD Drivers/STM32F1xx_HAL_Driver/Src/stm32f1xx_hal_exti.o
LOAD Drivers/STM32F1xx_HAL_Driver/Src/stm32f1xx_hal_flash.o
LOAD Drivers/STM32F1xx_HAL_Driver/Src/stm32f1xx_hal_flash_ex.o
LOAD Drivers/STM32F1xx_HAL_Driver/Src/stm32f1xx_hal_gpio.o
LOAD Drivers/STM32F1xx_HAL_Driver/Src/stm32f1xx_hal_gpio_ex.o
LOAD Drivers/STM32F1xx_HAL_Driver/Src/stm32f1xx_hal_iwdg.o
LOAD Drivers/STM32F1xx_HAL_Driver/Src/stm32f1xx_hal_pwr.o
LOAD Drivers/STM32F1xx_HAL_Driver/Src/stm32f1xx_hal_rcc.o
LOAD Drivers/STM32F1xx_HAL_Driver/Src/stm32f1xx_hal_rcc_ex.o
LOAD Drivers/STM32F1xx_HAL_Driver/Src/stm32f1xx_hal_spi.o
LOAD Drivers/STM32F1xx_HAL_Driver/Src/stm32f1xx_hal_tim.o
LOAD Drivers/STM32F1xx_HAL_Driver/Src/stm32f1xx_hal_tim_ex.o
LOAD Drivers/STM32F1xx_HAL_Driver/Src/stm32f1xx_hal_uart.o
START GROUP
LOAD /opt/st/stm32cubeide_1.4.0/plugins/com.st.stm32cube.ide.mcu.externaltools.gnu-tools-for-stm32.7-2018-q2-update.linux64_1.4.0.202007081208/tools/bin/../lib/gcc/arm-none-eabi/7.3.1/../../../../arm-none-eabi/lib/thumb/v7-m/libstdc++_nano.a
LOAD /opt/st/stm32cubeide_1.4.0/plugins/com.st.stm32cube.ide.mcu.externaltools.gnu-tools-for-stm32.7-2018-q2-update.linux64_1.4.0.202007081208/tools/bin/../lib/gcc/arm-none-eabi/7.3.1/../../../../arm-none-eabi/lib/thumb/v7-m/libsupc++_nano.a
END GROUP
LOAD /opt/st/stm32cubeide_1.4.0/plugins/com.st.stm32cube.ide.mcu.externaltools.gnu-tools-for-stm32.7-2018-q2-update.linux64_1.4.0.202007081208/tools/bin/../lib/gcc/arm-none-eabi/7.3.1/../../../../arm-none-eabi/lib/thumb/v7-m/libstdc++_nano.a
LOAD /opt/st/stm32cubeide_1.4.0/plugins/com.st.stm32cube.ide.mcu.externaltools.gnu-tools-for-stm32.7-2018-q2-update.linux64_1.4.0.202007081208/tools/bin/../lib/gcc/arm-none-eabi/7.3.1/../../../../arm-none-eabi/lib/thumb/v7-m/libm.a
LOAD /opt/st/stm32cubeide_1.4.0/plugins/com.st.stm32cube.ide.mcu.externaltools.gnu-tools-for-stm32.7-2018-q2-update.linux64_1.4.0.202007081208/tools/bin/../lib/gcc/arm-none-eabi/7.3.1/../../../../arm-none-eabi/lib/thumb/v7-m/libc_nano.a
START GROUP
LOAD /opt/st/stm32cubeide_1.4.0/plugins/com.st.stm32cube.ide.mcu.externaltools.gnu-tools-for-stm32.7-2018-q2-update.linux64_1.4.0.202007081208/tools/bin/../lib/gcc/arm-none-eabi/7.3.1/thumb/v7-m/libgcc.a
LOAD /opt/st/stm32cubeide_1.4.0/plugins/com.st.stm32cube.ide.mcu.externaltools.gnu-tools-for-stm32.7-2018-q2-update.linux64_1.4.0.202007081208/tools/bin/../lib/gcc/arm-none-eabi/7.3.1/../../../../arm-none-eabi/lib/thumb/v7-m/libc_nano.a
END GROUP
START GROUP
LOAD /opt/st/stm32cubeide_1.4.0/plugins/com.st.stm32cube.ide.mcu.externaltools.gnu-tools-for-stm32.7-2018-q2-update.linux64_1.4.0.202007081208/tools/bin/../lib/gcc/arm-none-eabi/7.3.1/thumb/v7-m/libgcc.a
LOAD /opt/st/stm32cubeide_1.4.0/plugins/com.st.stm32cube.ide.mcu.externaltools.gnu-tools-for-stm32.7-2018-q2-update.linux64_1.4.0.202007081208/tools/bin/../lib/gcc/arm-none-eabi/7.3.1/../../../../arm-none-eabi/lib/thumb/v7-m/libc_nano.a
LOAD /opt/st/stm32cubeide_1.4.0/plugins/com.st.stm32cube.ide.mcu.externaltools.gnu-tools-for-stm32.7-2018-q2-update.linux64_1.4.0.202007081208/tools/bin/../lib/gcc/arm-none-eabi/7.3.1/../../../../arm-none-eabi/lib/thumb/v7-m/libnosys.a
END GROUP
START GROUP
LOAD /opt/st/stm32cubeide_1.4.0/plugins/com.st.stm32cube.ide.mcu.externaltools.gnu-tools-for-stm32.7-2018-q2-update.linux64_1.4.0.202007081208/tools/bin/../lib/gcc/arm-none-eabi/7.3.1/thumb/v7-m/libgcc.a
LOAD /opt/st/stm32cubeide_1.4.0/plugins/com.st.stm32cube.ide.mcu.externaltools.gnu-tools-for-stm32.7-2018-q2-update.linux64_1.4.0.202007081208/tools/bin/../lib/gcc/arm-none-eabi/7.3.1/../../../../arm-none-eabi/lib/thumb/v7-m/libc_nano.a
LOAD /opt/st/stm32cubeide_1.4.0/plugins/com.st.stm32cube.ide.mcu.externaltools.gnu-tools-for-stm32.7-2018-q2-update.linux64_1.4.0.202007081208/tools/bin/../lib/gcc/arm-none-eabi/7.3.1/../../../../arm-none-eabi/lib/thumb/v7-m/libnosys.a
END GROUP
LOAD /opt/st/stm32cubeide_1.4.0/plugins/com.st.stm32cube.ide.mcu.externaltools.gnu-tools-for-stm32.7-2018-q2-update.linux64_1.4.0.202007081208/tools/bin/../lib/gcc/arm-none-eabi/7.3.1/thumb/v7-m/crtend.o
LOAD /opt/st/stm32cubeide_1.4.0/plugins/com.st.stm32cube.ide.mcu.externaltools.gnu-tools-for-stm32.7-2018-q2-update.linux64_1.4.0.202007081208/tools/bin/../lib/gcc/arm-none-eabi/7.3.1/thumb/v7-m/crtn.o
                0x0000000020005000                _estack = (ORIGIN (RAM) + LENGTH (RAM))
                0x0000000000000200                _Min_Heap_Size = 0x200
                0x0000000000000400                _Min_Stack_Size = 0x400

.isr_vector     0x0000000008000000      0x10c
                0x0000000008000000                . = ALIGN (0x4)
 *(.isr_vector)
 .isr_vector    0x0000000008000000      0x10c Core/Startup/startup_stm32f103c8tx.o
                0x0000000008000000                g_pfnVectors
                0x000000000800010c                . = ALIGN (0x4)

.text           0x000000000800010c     0x379c
                0x000000000800010c                . = ALIGN (0x4)
 *(.text)
 .text          0x000000000800010c       0x40 /opt/st/stm32cubeide_1.4.0/plugins/com.st.stm32cube.ide.mcu.externaltools.gnu-tools-for-stm32.7-2018-q2-update.linux64_1.4.0.202007081208/tools/bin/../lib/gcc/arm-none-eabi/7.3.1/thumb/v7-m/crtbegin.o
 .text          0x000000000800014c       0x10 /opt/st/stm32cubeide_1.4.0/plugins/com.st.stm32cube.ide.mcu.externaltools.gnu-tools-for-stm32.7-2018-q2-update.linux64_1.4.0.202007081208/tools/bin/../lib/gcc/arm-none-eabi/7.3.1/../../../../arm-none-eabi/lib/thumb/v7-m/libc_nano.a(lib_a-strlen.o)
                0x000000000800014c                strlen
 *(.text*)
 .text.cpp_main
                0x000000000800015c      0x10c Core/Src/cpp_main.o
                0x000000000800015c                cpp_main
 .text._Z41__static_initialization_and_destruction_0ii
                0x0000000008000268       0x3c Core/Src/cpp_main.o
 .text._GLOBAL__sub_I_matrix
                0x00000000080002a4       0x10 Core/Src/cpp_main.o
 .text.main     0x00000000080002b4       0x2a Core/Src/main.o
                0x00000000080002b4                main
 .text.SystemClock_Config
                0x00000000080002de       0x7a Core/Src/main.o
                0x00000000080002de                SystemClock_Config
 .text.MX_IWDG_Init
                0x0000000008000358       0x34 Core/Src/main.o
 .text.MX_SPI1_Init
                0x000000000800038c       0x6c Core/Src/main.o
 .text.MX_TIM3_Init
                0x00000000080003f8       0xe8 Core/Src/main.o
 .text.MX_USART1_UART_Init
                0x00000000080004e0       0x54 Core/Src/main.o
 .text.MX_DMA_Init
                0x0000000008000534       0x78 Core/Src/main.o
 .text.MX_GPIO_Init
                0x00000000080005ac       0x80 Core/Src/main.o
 .text.Error_Handler
                0x000000000800062c        0xc Core/Src/main.o
                0x000000000800062c                Error_Handler
 .text.HAL_TIM_OC_DelayElapsedCallback
                0x0000000008000638       0x20 Core/Src/matrix_driver.o
                0x0000000008000638                HAL_TIM_OC_DelayElapsedCallback
 .text.HAL_TIM_PeriodElapsedCallback
                0x0000000008000658       0x20 Core/Src/matrix_driver.o
                0x0000000008000658                HAL_TIM_PeriodElapsedCallback
 .text._Z12BufferOffsethhhhh
                0x0000000008000678       0x3e Core/Src/matrix_driver.o
                0x0000000008000678                BufferOffset(unsigned char, unsigned char, unsigned char, unsigned char, unsigned char)
 *fill*         0x00000000080006b6        0x2 
 .text._ZN12MatrixDriverC2EhhNS_8ScanTypeEP17TIM_HandleTypeDef
                0x00000000080006b8      0x198 Core/Src/matrix_driver.o
                0x00000000080006b8                MatrixDriver::MatrixDriver(unsigned char, unsigned char, MatrixDriver::ScanType, TIM_HandleTypeDef*)
                0x00000000080006b8                MatrixDriver::MatrixDriver(unsigned char, unsigned char, MatrixDriver::ScanType, TIM_HandleTypeDef*)
 .text._ZN12MatrixDriver4openEv
                0x0000000008000850       0x2e Core/Src/matrix_driver.o
                0x0000000008000850                MatrixDriver::open()
 .text._ZN12MatrixDriver9PlaneBitsEh
                0x000000000800087e       0x30 Core/Src/matrix_driver.o
                0x000000000800087e                MatrixDriver::PlaneBits(unsigned char)
 .text._ZN12MatrixDriver8SetPixelEhhhhh
                0x00000000080008ae      0x1ac Core/Src/matrix_driver.o
                0x00000000080008ae                MatrixDriver::SetPixel(unsigned char, unsigned char, unsigned char, unsigned char, unsigned char)
 .text._ZN12MatrixDriver10SwapBufferEv
                0x0000000008000a5a       0x26 Core/Src/matrix_driver.o
                0x0000000008000a5a                MatrixDriver::SwapBuffer()
 .text._ZN12MatrixDriver14SendPlanePixelEv
                0x0000000008000a80       0x90 Core/Src/matrix_driver.o
                0x0000000008000a80                MatrixDriver::SendPlanePixel()
 .text._ZN12MatrixDriver5ClockEv
                0x0000000008000b10       0x58 Core/Src/matrix_driver.o
                0x0000000008000b10                MatrixDriver::Clock()
 .text._ZN12MatrixDriver5LatchEv
                0x0000000008000b68       0x84 Core/Src/matrix_driver.o
                0x0000000008000b68                MatrixDriver::Latch()
 .text.HAL_MspInit
                0x0000000008000bec       0x64 Core/Src/stm32f1xx_hal_msp.o
                0x0000000008000bec                HAL_MspInit
 .text.HAL_SPI_MspInit
                0x0000000008000c50       0x94 Core/Src/stm32f1xx_hal_msp.o
                0x0000000008000c50                HAL_SPI_MspInit
 .text.HAL_TIM_Base_MspInit
                0x0000000008000ce4       0x4c Core/Src/stm32f1xx_hal_msp.o
                0x0000000008000ce4                HAL_TIM_Base_MspInit
 .text.HAL_UART_MspInit
                0x0000000008000d30       0x98 Core/Src/stm32f1xx_hal_msp.o
                0x0000000008000d30                HAL_UART_MspInit
 .text.NMI_Handler
                0x0000000008000dc8        0xc Core/Src/stm32f1xx_it.o
                0x0000000008000dc8                NMI_Handler
 .text.HardFault_Handler
                0x0000000008000dd4        0x6 Core/Src/stm32f1xx_it.o
                0x0000000008000dd4                HardFault_Handler
 .text.MemManage_Handler
                0x0000000008000dda        0x6 Core/Src/stm32f1xx_it.o
                0x0000000008000dda                MemManage_Handler
 .text.BusFault_Handler
                0x0000000008000de0        0x6 Core/Src/stm32f1xx_it.o
                0x0000000008000de0                BusFault_Handler
 .text.UsageFault_Handler
                0x0000000008000de6        0x6 Core/Src/stm32f1xx_it.o
                0x0000000008000de6                UsageFault_Handler
 .text.SVC_Handler
                0x0000000008000dec        0xc Core/Src/stm32f1xx_it.o
                0x0000000008000dec                SVC_Handler
 .text.DebugMon_Handler
                0x0000000008000df8        0xc Core/Src/stm32f1xx_it.o
                0x0000000008000df8                DebugMon_Handler
 .text.PendSV_Handler
                0x0000000008000e04        0xc Core/Src/stm32f1xx_it.o
                0x0000000008000e04                PendSV_Handler
 .text.SysTick_Handler
                0x0000000008000e10        0xc Core/Src/stm32f1xx_it.o
                0x0000000008000e10                SysTick_Handler
 .text.TIM3_IRQHandler
                0x0000000008000e1c       0x14 Core/Src/stm32f1xx_it.o
                0x0000000008000e1c                TIM3_IRQHandler
 .text._getpid  0x0000000008000e30        0xe Core/Src/syscalls.o
                0x0000000008000e30                _getpid
 .text._kill    0x0000000008000e3e       0x20 Core/Src/syscalls.o
                0x0000000008000e3e                _kill
 .text._exit    0x0000000008000e5e       0x14 Core/Src/syscalls.o
                0x0000000008000e5e                _exit
 *fill*         0x0000000008000e72        0x2 
 .text._sbrk    0x0000000008000e74       0x6c Core/Src/sysmem.o
                0x0000000008000e74                _sbrk
 .text.SystemInit
                0x0000000008000ee0        0xc Core/Src/system_stm32f1xx.o
                0x0000000008000ee0                SystemInit
 .text.Reset_Handler
                0x0000000008000eec       0x48 Core/Startup/startup_stm32f103c8tx.o
                0x0000000008000eec                Reset_Handler
 .text.Default_Handler
                0x0000000008000f34        0x2 Core/Startup/startup_stm32f103c8tx.o
                0x0000000008000f34                RTC_Alarm_IRQHandler
                0x0000000008000f34                EXTI2_IRQHandler
                0x0000000008000f34                TIM1_CC_IRQHandler
                0x0000000008000f34                PVD_IRQHandler
                0x0000000008000f34                EXTI3_IRQHandler
                0x0000000008000f34                EXTI0_IRQHandler
                0x0000000008000f34                I2C2_EV_IRQHandler
                0x0000000008000f34                ADC1_2_IRQHandler
                0x0000000008000f34                SPI1_IRQHandler
                0x0000000008000f34                TAMPER_IRQHandler
                0x0000000008000f34                DMA1_Channel4_IRQHandler
                0x0000000008000f34                USART3_IRQHandler
                0x0000000008000f34                RTC_IRQHandler
                0x0000000008000f34                DMA1_Channel7_IRQHandler
                0x0000000008000f34                CAN1_RX1_IRQHandler
                0x0000000008000f34                TIM4_IRQHandler
                0x0000000008000f34                I2C1_EV_IRQHandler
                0x0000000008000f34                DMA1_Channel6_IRQHandler
                0x0000000008000f34                RCC_IRQHandler
                0x0000000008000f34                TIM1_TRG_COM_IRQHandler
                0x0000000008000f34                DMA1_Channel1_IRQHandler
                0x0000000008000f34                Default_Handler
                0x0000000008000f34                EXTI15_10_IRQHandler
                0x0000000008000f34                EXTI9_5_IRQHandler
                0x0000000008000f34                SPI2_IRQHandler
                0x0000000008000f34                DMA1_Channel5_IRQHandler
                0x0000000008000f34                EXTI4_IRQHandler
                0x0000000008000f34                USB_LP_CAN1_RX0_IRQHandler
                0x0000000008000f34                USB_HP_CAN1_TX_IRQHandler
                0x0000000008000f34                DMA1_Channel3_IRQHandler
                0x0000000008000f34                TIM1_UP_IRQHandler
                0x0000000008000f34                WWDG_IRQHandler
                0x0000000008000f34                TIM2_IRQHandler
                0x0000000008000f34                TIM1_BRK_IRQHandler
                0x0000000008000f34                EXTI1_IRQHandler
                0x0000000008000f34                USART2_IRQHandler
                0x0000000008000f34                I2C2_ER_IRQHandler
                0x0000000008000f34                DMA1_Channel2_IRQHandler
                0x0000000008000f34                CAN1_SCE_IRQHandler
                0x0000000008000f34                FLASH_IRQHandler
                0x0000000008000f34                USART1_IRQHandler
                0x0000000008000f34                I2C1_ER_IRQHandler
                0x0000000008000f34                USBWakeUp_IRQHandler
 *fill*         0x0000000008000f36        0x2 
 .text.HAL_Init
                0x0000000008000f38       0x2c Drivers/STM32F1xx_HAL_Driver/Src/stm32f1xx_hal.o
                0x0000000008000f38                HAL_Init
 .text.HAL_InitTick
                0x0000000008000f64       0x60 Drivers/STM32F1xx_HAL_Driver/Src/stm32f1xx_hal.o
                0x0000000008000f64                HAL_InitTick
 .text.HAL_IncTick
                0x0000000008000fc4       0x24 Drivers/STM32F1xx_HAL_Driver/Src/stm32f1xx_hal.o
                0x0000000008000fc4                HAL_IncTick
 .text.HAL_GetTick
                0x0000000008000fe8       0x14 Drivers/STM32F1xx_HAL_Driver/Src/stm32f1xx_hal.o
                0x0000000008000fe8                HAL_GetTick
 .text.__NVIC_SetPriorityGrouping
                0x0000000008000ffc       0x48 Drivers/STM32F1xx_HAL_Driver/Src/stm32f1xx_hal_cortex.o
 .text.__NVIC_GetPriorityGrouping
                0x0000000008001044       0x1c Drivers/STM32F1xx_HAL_Driver/Src/stm32f1xx_hal_cortex.o
 .text.__NVIC_EnableIRQ
                0x0000000008001060       0x38 Drivers/STM32F1xx_HAL_Driver/Src/stm32f1xx_hal_cortex.o
 .text.__NVIC_SetPriority
                0x0000000008001098       0x54 Drivers/STM32F1xx_HAL_Driver/Src/stm32f1xx_hal_cortex.o
 .text.NVIC_EncodePriority
                0x00000000080010ec       0x64 Drivers/STM32F1xx_HAL_Driver/Src/stm32f1xx_hal_cortex.o
 .text.SysTick_Config
                0x0000000008001150       0x44 Drivers/STM32F1xx_HAL_Driver/Src/stm32f1xx_hal_cortex.o
 .text.HAL_NVIC_SetPriorityGrouping
                0x0000000008001194       0x16 Drivers/STM32F1xx_HAL_Driver/Src/stm32f1xx_hal_cortex.o
                0x0000000008001194                HAL_NVIC_SetPriorityGrouping
 .text.HAL_NVIC_SetPriority
                0x00000000080011aa       0x38 Drivers/STM32F1xx_HAL_Driver/Src/stm32f1xx_hal_cortex.o
                0x00000000080011aa                HAL_NVIC_SetPriority
 .text.HAL_NVIC_EnableIRQ
                0x00000000080011e2       0x1c Drivers/STM32F1xx_HAL_Driver/Src/stm32f1xx_hal_cortex.o
                0x00000000080011e2                HAL_NVIC_EnableIRQ
 .text.HAL_SYSTICK_Config
                0x00000000080011fe       0x18 Drivers/STM32F1xx_HAL_Driver/Src/stm32f1xx_hal_cortex.o
                0x00000000080011fe                HAL_SYSTICK_Config
 *fill*         0x0000000008001216        0x2 
 .text.HAL_DMA_Init
                0x0000000008001218       0xb4 Drivers/STM32F1xx_HAL_Driver/Src/stm32f1xx_hal_dma.o
                0x0000000008001218                HAL_DMA_Init
 .text.HAL_GPIO_Init
                0x00000000080012cc      0x2b4 Drivers/STM32F1xx_HAL_Driver/Src/stm32f1xx_hal_gpio.o
                0x00000000080012cc                HAL_GPIO_Init
 .text.HAL_GPIO_WritePin
                0x0000000008001580       0x30 Drivers/STM32F1xx_HAL_Driver/Src/stm32f1xx_hal_gpio.o
                0x0000000008001580                HAL_GPIO_WritePin
 .text.HAL_IWDG_Init
                0x00000000080015b0       0x72 Drivers/STM32F1xx_HAL_Driver/Src/stm32f1xx_hal_iwdg.o
                0x00000000080015b0                HAL_IWDG_Init
 .text.HAL_IWDG_Refresh
                0x0000000008001622       0x1e Drivers/STM32F1xx_HAL_Driver/Src/stm32f1xx_hal_iwdg.o
                0x0000000008001622                HAL_IWDG_Refresh
 .text.HAL_RCC_OscConfig
                0x0000000008001640      0x500 Drivers/STM32F1xx_HAL_Driver/Src/stm32f1xx_hal_rcc.o
                0x0000000008001640                HAL_RCC_OscConfig
 .text.HAL_RCC_ClockConfig
                0x0000000008001b40      0x1d4 Drivers/STM32F1xx_HAL_Driver/Src/stm32f1xx_hal_rcc.o
                0x0000000008001b40                HAL_RCC_ClockConfig
 .text.HAL_RCC_GetSysClockFreq
                0x0000000008001d14       0xc4 Drivers/STM32F1xx_HAL_Driver/Src/stm32f1xx_hal_rcc.o
                0x0000000008001d14                HAL_RCC_GetSysClockFreq
 .text.HAL_RCC_GetHCLKFreq
                0x0000000008001dd8       0x14 Drivers/STM32F1xx_HAL_Driver/Src/stm32f1xx_hal_rcc.o
                0x0000000008001dd8                HAL_RCC_GetHCLKFreq
 .text.HAL_RCC_GetPCLK1Freq
                0x0000000008001dec       0x28 Drivers/STM32F1xx_HAL_Driver/Src/stm32f1xx_hal_rcc.o
                0x0000000008001dec                HAL_RCC_GetPCLK1Freq
 .text.HAL_RCC_GetPCLK2Freq
                0x0000000008001e14       0x28 Drivers/STM32F1xx_HAL_Driver/Src/stm32f1xx_hal_rcc.o
                0x0000000008001e14                HAL_RCC_GetPCLK2Freq
 .text.RCC_Delay
                0x0000000008001e3c       0x3c Drivers/STM32F1xx_HAL_Driver/Src/stm32f1xx_hal_rcc.o
 .text.HAL_SPI_Init
                0x0000000008001e78      0x108 Drivers/STM32F1xx_HAL_Driver/Src/stm32f1xx_hal_spi.o
                0x0000000008001e78                HAL_SPI_Init
 .text.HAL_TIM_Base_Init
                0x0000000008001f80       0x9e Drivers/STM32F1xx_HAL_Driver/Src/stm32f1xx_hal_tim.o
                0x0000000008001f80                HAL_TIM_Base_Init
 *fill*         0x000000000800201e        0x2 
 .text.HAL_TIM_Base_Start_IT
                0x0000000008002020       0xa4 Drivers/STM32F1xx_HAL_Driver/Src/stm32f1xx_hal_tim.o
                0x0000000008002020                HAL_TIM_Base_Start_IT
 .text.HAL_TIM_OC_Init
                0x00000000080020c4       0x9e Drivers/STM32F1xx_HAL_Driver/Src/stm32f1xx_hal_tim.o
                0x00000000080020c4                HAL_TIM_OC_Init
 .text.HAL_TIM_OC_MspInit
                0x0000000008002162       0x12 Drivers/STM32F1xx_HAL_Driver/Src/stm32f1xx_hal_tim.o
                0x0000000008002162                HAL_TIM_OC_MspInit
 .text.HAL_TIM_IRQHandler
                0x0000000008002174      0x210 Drivers/STM32F1xx_HAL_Driver/Src/stm32f1xx_hal_tim.o
                0x0000000008002174                HAL_TIM_IRQHandler
 .text.HAL_TIM_OC_ConfigChannel
                0x0000000008002384       0xb0 Drivers/STM32F1xx_HAL_Driver/Src/stm32f1xx_hal_tim.o
                0x0000000008002384                HAL_TIM_OC_ConfigChannel
 .text.HAL_TIM_ConfigClockSource
                0x0000000008002434      0x16e Drivers/STM32F1xx_HAL_Driver/Src/stm32f1xx_hal_tim.o
                0x0000000008002434                HAL_TIM_ConfigClockSource
 .text.HAL_TIM_IC_CaptureCallback
                0x00000000080025a2       0x12 Drivers/STM32F1xx_HAL_Driver/Src/stm32f1xx_hal_tim.o
                0x00000000080025a2                HAL_TIM_IC_CaptureCallback
 .text.HAL_TIM_PWM_PulseFinishedCallback
                0x00000000080025b4       0x12 Drivers/STM32F1xx_HAL_Driver/Src/stm32f1xx_hal_tim.o
                0x00000000080025b4                HAL_TIM_PWM_PulseFinishedCallback
 .text.HAL_TIM_TriggerCallback
                0x00000000080025c6       0x12 Drivers/STM32F1xx_HAL_Driver/Src/stm32f1xx_hal_tim.o
                0x00000000080025c6                HAL_TIM_TriggerCallback
 .text.TIM_Base_SetConfig
                0x00000000080025d8       0xc4 Drivers/STM32F1xx_HAL_Driver/Src/stm32f1xx_hal_tim.o
                0x00000000080025d8                TIM_Base_SetConfig
 .text.TIM_OC1_SetConfig
                0x000000000800269c       0xcc Drivers/STM32F1xx_HAL_Driver/Src/stm32f1xx_hal_tim.o
 .text.TIM_OC2_SetConfig
                0x0000000008002768       0xd4 Drivers/STM32F1xx_HAL_Driver/Src/stm32f1xx_hal_tim.o
                0x0000000008002768                TIM_OC2_SetConfig
 .text.TIM_OC3_SetConfig
                0x000000000800283c       0xd4 Drivers/STM32F1xx_HAL_Driver/Src/stm32f1xx_hal_tim.o
 .text.TIM_OC4_SetConfig
                0x0000000008002910       0x9c Drivers/STM32F1xx_HAL_Driver/Src/stm32f1xx_hal_tim.o
 .text.TIM_TI1_ConfigInputStage
                0x00000000080029ac       0x5c Drivers/STM32F1xx_HAL_Driver/Src/stm32f1xx_hal_tim.o
 .text.TIM_TI2_ConfigInputStage
                0x0000000008002a08       0x5e Drivers/STM32F1xx_HAL_Driver/Src/stm32f1xx_hal_tim.o
 .text.TIM_ITRx_SetConfig
                0x0000000008002a66       0x34 Drivers/STM32F1xx_HAL_Driver/Src/stm32f1xx_hal_tim.o
 .text.TIM_ETR_SetConfig
                0x0000000008002a9a       0x3e Drivers/STM32F1xx_HAL_Driver/Src/stm32f1xx_hal_tim.o
                0x0000000008002a9a                TIM_ETR_SetConfig
 .text.HAL_TIMEx_MasterConfigSynchronization
                0x0000000008002ad8       0xbc Drivers/STM32F1xx_HAL_Driver/Src/stm32f1xx_hal_tim_ex.o
                0x0000000008002ad8                HAL_TIMEx_MasterConfigSynchronization
 .text.HAL_TIMEx_CommutCallback
                0x0000000008002b94       0x12 Drivers/STM32F1xx_HAL_Driver/Src/stm32f1xx_hal_tim_ex.o
                0x0000000008002b94                HAL_TIMEx_CommutCallback
 .text.HAL_TIMEx_BreakCallback
                0x0000000008002ba6       0x12 Drivers/STM32F1xx_HAL_Driver/Src/stm32f1xx_hal_tim_ex.o
                0x0000000008002ba6                HAL_TIMEx_BreakCallback
 .text.HAL_UART_Init
                0x0000000008002bb8       0x9a Drivers/STM32F1xx_HAL_Driver/Src/stm32f1xx_hal_uart.o
                0x0000000008002bb8                HAL_UART_Init
 .text.HAL_UART_Transmit
                0x0000000008002c52      0x124 Drivers/STM32F1xx_HAL_Driver/Src/stm32f1xx_hal_uart.o
                0x0000000008002c52                HAL_UART_Transmit
 .text.UART_WaitOnFlagUntilTimeout
                0x0000000008002d76       0x94 Drivers/STM32F1xx_HAL_Driver/Src/stm32f1xx_hal_uart.o
 *fill*         0x0000000008002e0a        0x2 
 .text.UART_SetConfig
                0x0000000008002e0c      0x11c Drivers/STM32F1xx_HAL_Driver/Src/stm32f1xx_hal_uart.o
 .text._Znaj    0x0000000008002f28        0x4 /opt/st/stm32cubeide_1.4.0/plugins/com.st.stm32cube.ide.mcu.externaltools.gnu-tools-for-stm32.7-2018-q2-update.linux64_1.4.0.202007081208/tools/bin/../lib/gcc/arm-none-eabi/7.3.1/../../../../arm-none-eabi/lib/thumb/v7-m/libstdc++_nano.a(new_opv.o)
                0x0000000008002f28                operator new[](unsigned int)
 .text._Znwj    0x0000000008002f2c       0x22 /opt/st/stm32cubeide_1.4.0/plugins/com.st.stm32cube.ide.mcu.externaltools.gnu-tools-for-stm32.7-2018-q2-update.linux64_1.4.0.202007081208/tools/bin/../lib/gcc/arm-none-eabi/7.3.1/../../../../arm-none-eabi/lib/thumb/v7-m/libstdc++_nano.a(new_op.o)
                0x0000000008002f2c                operator new(unsigned int)
 *fill*         0x0000000008002f4e        0x2 
 .text._ZSt15get_new_handlerv
                0x0000000008002f50       0x10 /opt/st/stm32cubeide_1.4.0/plugins/com.st.stm32cube.ide.mcu.externaltools.gnu-tools-for-stm32.7-2018-q2-update.linux64_1.4.0.202007081208/tools/bin/../lib/gcc/arm-none-eabi/7.3.1/../../../../arm-none-eabi/lib/thumb/v7-m/libstdc++_nano.a(new_handler.o)
                0x0000000008002f50                std::get_new_handler()
 .text.abort    0x0000000008002f60        0xe /opt/st/stm32cubeide_1.4.0/plugins/com.st.stm32cube.ide.mcu.externaltools.gnu-tools-for-stm32.7-2018-q2-update.linux64_1.4.0.202007081208/tools/bin/../lib/gcc/arm-none-eabi/7.3.1/../../../../arm-none-eabi/lib/thumb/v7-m/libc_nano.a(lib_a-abort.o)
                0x0000000008002f60                abort
 *fill*         0x0000000008002f6e        0x2 
 .text.__errno  0x0000000008002f70        0xc /opt/st/stm32cubeide_1.4.0/plugins/com.st.stm32cube.ide.mcu.externaltools.gnu-tools-for-stm32.7-2018-q2-update.linux64_1.4.0.202007081208/tools/bin/../lib/gcc/arm-none-eabi/7.3.1/../../../../arm-none-eabi/lib/thumb/v7-m/libc_nano.a(lib_a-errno.o)
                0x0000000008002f70                __errno
 .text.__libc_init_array
                0x0000000008002f7c       0x48 /opt/st/stm32cubeide_1.4.0/plugins/com.st.stm32cube.ide.mcu.externaltools.gnu-tools-for-stm32.7-2018-q2-update.linux64_1.4.0.202007081208/tools/bin/../lib/gcc/arm-none-eabi/7.3.1/../../../../arm-none-eabi/lib/thumb/v7-m/libc_nano.a(lib_a-init.o)
                0x0000000008002f7c                __libc_init_array
 .text.malloc   0x0000000008002fc4       0x10 /opt/st/stm32cubeide_1.4.0/plugins/com.st.stm32cube.ide.mcu.externaltools.gnu-tools-for-stm32.7-2018-q2-update.linux64_1.4.0.202007081208/tools/bin/../lib/gcc/arm-none-eabi/7.3.1/../../../../arm-none-eabi/lib/thumb/v7-m/libc_nano.a(lib_a-malloc.o)
                0x0000000008002fc4                malloc
 .text.memset   0x0000000008002fd4       0x10 /opt/st/stm32cubeide_1.4.0/plugins/com.st.stm32cube.ide.mcu.externaltools.gnu-tools-for-stm32.7-2018-q2-update.linux64_1.4.0.202007081208/tools/bin/../lib/gcc/arm-none-eabi/7.3.1/../../../../arm-none-eabi/lib/thumb/v7-m/libc_nano.a(lib_a-memset.o)
                0x0000000008002fd4                memset
 .text._free_r  0x0000000008002fe4       0x98 /opt/st/stm32cubeide_1.4.0/plugins/com.st.stm32cube.ide.mcu.externaltools.gnu-tools-for-stm32.7-2018-q2-update.linux64_1.4.0.202007081208/tools/bin/../lib/gcc/arm-none-eabi/7.3.1/../../../../arm-none-eabi/lib/thumb/v7-m/libc_nano.a(lib_a-nano-freer.o)
                0x0000000008002fe4                _free_r
 .text._malloc_r
                0x000000000800307c       0xb4 /opt/st/stm32cubeide_1.4.0/plugins/com.st.stm32cube.ide.mcu.externaltools.gnu-tools-for-stm32.7-2018-q2-update.linux64_1.4.0.202007081208/tools/bin/../lib/gcc/arm-none-eabi/7.3.1/../../../../arm-none-eabi/lib/thumb/v7-m/libc_nano.a(lib_a-nano-mallocr.o)
                0x000000000800307c                _malloc_r
 .text._sbrk_r  0x0000000008003130       0x20 /opt/st/stm32cubeide_1.4.0/plugins/com.st.stm32cube.ide.mcu.externaltools.gnu-tools-for-stm32.7-2018-q2-update.linux64_1.4.0.202007081208/tools/bin/../lib/gcc/arm-none-eabi/7.3.1/../../../../arm-none-eabi/lib/thumb/v7-m/libc_nano.a(lib_a-sbrkr.o)
                0x0000000008003130                _sbrk_r
 .text._raise_r
                0x0000000008003150       0x50 /opt/st/stm32cubeide_1.4.0/plugins/com.st.stm32cube.ide.mcu.externaltools.gnu-tools-for-stm32.7-2018-q2-update.linux64_1.4.0.202007081208/tools/bin/../lib/gcc/arm-none-eabi/7.3.1/../../../../arm-none-eabi/lib/thumb/v7-m/libc_nano.a(lib_a-signal.o)
                0x0000000008003150                _raise_r
 .text.raise    0x00000000080031a0       0x10 /opt/st/stm32cubeide_1.4.0/plugins/com.st.stm32cube.ide.mcu.externaltools.gnu-tools-for-stm32.7-2018-q2-update.linux64_1.4.0.202007081208/tools/bin/../lib/gcc/arm-none-eabi/7.3.1/../../../../arm-none-eabi/lib/thumb/v7-m/libc_nano.a(lib_a-signal.o)
                0x00000000080031a0                raise
 .text._kill_r  0x00000000080031b0       0x24 /opt/st/stm32cubeide_1.4.0/plugins/com.st.stm32cube.ide.mcu.externaltools.gnu-tools-for-stm32.7-2018-q2-update.linux64_1.4.0.202007081208/tools/bin/../lib/gcc/arm-none-eabi/7.3.1/../../../../arm-none-eabi/lib/thumb/v7-m/libc_nano.a(lib_a-signalr.o)
                0x00000000080031b0                _kill_r
 .text._getpid_r
                0x00000000080031d4        0x4 /opt/st/stm32cubeide_1.4.0/plugins/com.st.stm32cube.ide.mcu.externaltools.gnu-tools-for-stm32.7-2018-q2-update.linux64_1.4.0.202007081208/tools/bin/../lib/gcc/arm-none-eabi/7.3.1/../../../../arm-none-eabi/lib/thumb/v7-m/libc_nano.a(lib_a-signalr.o)
                0x00000000080031d4                _getpid_r
 .text.sprintf  0x00000000080031d8       0x40 /opt/st/stm32cubeide_1.4.0/plugins/com.st.stm32cube.ide.mcu.externaltools.gnu-tools-for-stm32.7-2018-q2-update.linux64_1.4.0.202007081208/tools/bin/../lib/gcc/arm-none-eabi/7.3.1/../../../../arm-none-eabi/lib/thumb/v7-m/libc_nano.a(lib_a-sprintf.o)
                0x00000000080031d8                sprintf
                0x00000000080031d8                siprintf
 .text.__malloc_lock
                0x0000000008003218        0x2 /opt/st/stm32cubeide_1.4.0/plugins/com.st.stm32cube.ide.mcu.externaltools.gnu-tools-for-stm32.7-2018-q2-update.linux64_1.4.0.202007081208/tools/bin/../lib/gcc/arm-none-eabi/7.3.1/../../../../arm-none-eabi/lib/thumb/v7-m/libc_nano.a(lib_a-mlock.o)
                0x0000000008003218                __malloc_lock
 .text.__malloc_unlock
                0x000000000800321a        0x2 /opt/st/stm32cubeide_1.4.0/plugins/com.st.stm32cube.ide.mcu.externaltools.gnu-tools-for-stm32.7-2018-q2-update.linux64_1.4.0.202007081208/tools/bin/../lib/gcc/arm-none-eabi/7.3.1/../../../../arm-none-eabi/lib/thumb/v7-m/libc_nano.a(lib_a-mlock.o)
                0x000000000800321a                __malloc_unlock
 .text.__ssputs_r
                0x000000000800321c       0xb4 /opt/st/stm32cubeide_1.4.0/plugins/com.st.stm32cube.ide.mcu.externaltools.gnu-tools-for-stm32.7-2018-q2-update.linux64_1.4.0.202007081208/tools/bin/../lib/gcc/arm-none-eabi/7.3.1/../../../../arm-none-eabi/lib/thumb/v7-m/libc_nano.a(lib_a-nano-svfprintf.o)
                0x000000000800321c                __ssputs_r
 .text._svfprintf_r
                0x00000000080032d0      0x1f0 /opt/st/stm32cubeide_1.4.0/plugins/com.st.stm32cube.ide.mcu.externaltools.gnu-tools-for-stm32.7-2018-q2-update.linux64_1.4.0.202007081208/tools/bin/../lib/gcc/arm-none-eabi/7.3.1/../../../../arm-none-eabi/lib/thumb/v7-m/libc_nano.a(lib_a-nano-svfprintf.o)
                0x00000000080032d0                _svfprintf_r
                0x00000000080032d0                _svfiprintf_r
 .text._printf_common
                0x00000000080034c0       0xec /opt/st/stm32cubeide_1.4.0/plugins/com.st.stm32cube.ide.mcu.externaltools.gnu-tools-for-stm32.7-2018-q2-update.linux64_1.4.0.202007081208/tools/bin/../lib/gcc/arm-none-eabi/7.3.1/../../../../arm-none-eabi/lib/thumb/v7-m/libc_nano.a(lib_a-nano-vfprintf_i.o)
                0x00000000080034c0                _printf_common
 .text._printf_i
                0x00000000080035ac      0x224 /opt/st/stm32cubeide_1.4.0/plugins/com.st.stm32cube.ide.mcu.externaltools.gnu-tools-for-stm32.7-2018-q2-update.linux64_1.4.0.202007081208/tools/bin/../lib/gcc/arm-none-eabi/7.3.1/../../../../arm-none-eabi/lib/thumb/v7-m/libc_nano.a(lib_a-nano-vfprintf_i.o)
                0x00000000080035ac                _printf_i
 .text.memchr   0x00000000080037d0       0x1c /opt/st/stm32cubeide_1.4.0/plugins/com.st.stm32cube.ide.mcu.externaltools.gnu-tools-for-stm32.7-2018-q2-update.linux64_1.4.0.202007081208/tools/bin/../lib/gcc/arm-none-eabi/7.3.1/../../../../arm-none-eabi/lib/thumb/v7-m/libc_nano.a(lib_a-memchr-stub.o)
                0x00000000080037d0                memchr
 .text.memcpy   0x00000000080037ec       0x16 /opt/st/stm32cubeide_1.4.0/plugins/com.st.stm32cube.ide.mcu.externaltools.gnu-tools-for-stm32.7-2018-q2-update.linux64_1.4.0.202007081208/tools/bin/../lib/gcc/arm-none-eabi/7.3.1/../../../../arm-none-eabi/lib/thumb/v7-m/libc_nano.a(lib_a-memcpy-stub.o)
                0x00000000080037ec                memcpy
 .text.memmove  0x0000000008003802       0x32 /opt/st/stm32cubeide_1.4.0/plugins/com.st.stm32cube.ide.mcu.externaltools.gnu-tools-for-stm32.7-2018-q2-update.linux64_1.4.0.202007081208/tools/bin/../lib/gcc/arm-none-eabi/7.3.1/../../../../arm-none-eabi/lib/thumb/v7-m/libc_nano.a(lib_a-memmove.o)
                0x0000000008003802                memmove
 .text._realloc_r
                0x0000000008003834       0x4c /opt/st/stm32cubeide_1.4.0/plugins/com.st.stm32cube.ide.mcu.externaltools.gnu-tools-for-stm32.7-2018-q2-update.linux64_1.4.0.202007081208/tools/bin/../lib/gcc/arm-none-eabi/7.3.1/../../../../arm-none-eabi/lib/thumb/v7-m/libc_nano.a(lib_a-nano-reallocr.o)
                0x0000000008003834                _realloc_r
 .text._malloc_usable_size_r
                0x0000000008003880       0x10 /opt/st/stm32cubeide_1.4.0/plugins/com.st.stm32cube.ide.mcu.externaltools.gnu-tools-for-stm32.7-2018-q2-update.linux64_1.4.0.202007081208/tools/bin/../lib/gcc/arm-none-eabi/7.3.1/../../../../arm-none-eabi/lib/thumb/v7-m/libc_nano.a(lib_a-nano-msizer.o)
                0x0000000008003880                _malloc_usable_size_r
 *(.glue_7)
 .glue_7        0x0000000008003890        0x0 linker stubs
 *(.glue_7t)
 .glue_7t       0x0000000008003890        0x0 linker stubs
 *(.eh_frame)
 .eh_frame      0x0000000008003890        0x0 /opt/st/stm32cubeide_1.4.0/plugins/com.st.stm32cube.ide.mcu.externaltools.gnu-tools-for-stm32.7-2018-q2-update.linux64_1.4.0.202007081208/tools/bin/../lib/gcc/arm-none-eabi/7.3.1/thumb/v7-m/crtbegin.o
 *(.init)
 .init          0x0000000008003890        0x4 /opt/st/stm32cubeide_1.4.0/plugins/com.st.stm32cube.ide.mcu.externaltools.gnu-tools-for-stm32.7-2018-q2-update.linux64_1.4.0.202007081208/tools/bin/../lib/gcc/arm-none-eabi/7.3.1/thumb/v7-m/crti.o
                0x0000000008003890                _init
 .init          0x0000000008003894        0x8 /opt/st/stm32cubeide_1.4.0/plugins/com.st.stm32cube.ide.mcu.externaltools.gnu-tools-for-stm32.7-2018-q2-update.linux64_1.4.0.202007081208/tools/bin/../lib/gcc/arm-none-eabi/7.3.1/thumb/v7-m/crtn.o
 *(.fini)
 .fini          0x000000000800389c        0x4 /opt/st/stm32cubeide_1.4.0/plugins/com.st.stm32cube.ide.mcu.externaltools.gnu-tools-for-stm32.7-2018-q2-update.linux64_1.4.0.202007081208/tools/bin/../lib/gcc/arm-none-eabi/7.3.1/thumb/v7-m/crti.o
                0x000000000800389c                _fini
 .fini          0x00000000080038a0        0x8 /opt/st/stm32cubeide_1.4.0/plugins/com.st.stm32cube.ide.mcu.externaltools.gnu-tools-for-stm32.7-2018-q2-update.linux64_1.4.0.202007081208/tools/bin/../lib/gcc/arm-none-eabi/7.3.1/thumb/v7-m/crtn.o
                0x00000000080038a8                . = ALIGN (0x4)
                0x00000000080038a8                _etext = .

.vfp11_veneer   0x00000000080038a8        0x0
 .vfp11_veneer  0x00000000080038a8        0x0 linker stubs

.v4_bx          0x00000000080038a8        0x0
 .v4_bx         0x00000000080038a8        0x0 linker stubs

.iplt           0x00000000080038a8        0x0
 .iplt          0x00000000080038a8        0x0 /opt/st/stm32cubeide_1.4.0/plugins/com.st.stm32cube.ide.mcu.externaltools.gnu-tools-for-stm32.7-2018-q2-update.linux64_1.4.0.202007081208/tools/bin/../lib/gcc/arm-none-eabi/7.3.1/thumb/v7-m/crtbegin.o

.rodata         0x00000000080038a8       0x98
                0x00000000080038a8                . = ALIGN (0x4)
 *(.rodata)
 .rodata        0x00000000080038a8       0x15 Core/Src/cpp_main.o
 *fill*         0x00000000080038bd        0x3 
 .rodata        0x00000000080038c0       0x1f Core/Src/matrix_driver.o
 *fill*         0x00000000080038df        0x1 
 .rodata        0x00000000080038e0       0x12 Drivers/STM32F1xx_HAL_Driver/Src/stm32f1xx_hal_rcc.o
 *(.rodata*)
 *fill*         0x00000000080038f2        0x2 
 .rodata.AHBPrescTable
                0x00000000080038f4       0x10 Core/Src/system_stm32f1xx.o
                0x00000000080038f4                AHBPrescTable
 .rodata.APBPrescTable
                0x0000000008003904        0x8 Core/Src/system_stm32f1xx.o
                0x0000000008003904                APBPrescTable
 .rodata._svfprintf_r.str1.1
                0x000000000800390c       0x11 /opt/st/stm32cubeide_1.4.0/plugins/com.st.stm32cube.ide.mcu.externaltools.gnu-tools-for-stm32.7-2018-q2-update.linux64_1.4.0.202007081208/tools/bin/../lib/gcc/arm-none-eabi/7.3.1/../../../../arm-none-eabi/lib/thumb/v7-m/libc_nano.a(lib_a-nano-svfprintf.o)
 .rodata._printf_i.str1.1
                0x000000000800391d       0x22 /opt/st/stm32cubeide_1.4.0/plugins/com.st.stm32cube.ide.mcu.externaltools.gnu-tools-for-stm32.7-2018-q2-update.linux64_1.4.0.202007081208/tools/bin/../lib/gcc/arm-none-eabi/7.3.1/../../../../arm-none-eabi/lib/thumb/v7-m/libc_nano.a(lib_a-nano-vfprintf_i.o)
                0x0000000008003940                . = ALIGN (0x4)
 *fill*         0x000000000800393f        0x1 

.rel.dyn        0x0000000008003940        0x0
 .rel.iplt      0x0000000008003940        0x0 /opt/st/stm32cubeide_1.4.0/plugins/com.st.stm32cube.ide.mcu.externaltools.gnu-tools-for-stm32.7-2018-q2-update.linux64_1.4.0.202007081208/tools/bin/../lib/gcc/arm-none-eabi/7.3.1/thumb/v7-m/crtbegin.o

.ARM.extab      0x0000000008003940        0x0
                0x0000000008003940                . = ALIGN (0x4)
 *(.ARM.extab* .gnu.linkonce.armextab.*)
                0x0000000008003940                . = ALIGN (0x4)

.ARM            0x0000000008003940        0x0
                0x0000000008003940                . = ALIGN (0x4)
                0x0000000008003940                __exidx_start = .
 *(.ARM.exidx*)
                0x0000000008003940                __exidx_end = .
                0x0000000008003940                . = ALIGN (0x4)

.preinit_array  0x0000000008003940        0x0
                0x0000000008003940                . = ALIGN (0x4)
                0x0000000008003940                PROVIDE (__preinit_array_start = .)
 *(.preinit_array*)
                0x0000000008003940                PROVIDE (__preinit_array_end = .)
                0x0000000008003940                . = ALIGN (0x4)

.init_array     0x0000000008003940        0x8
                0x0000000008003940                . = ALIGN (0x4)
                0x0000000008003940                PROVIDE (__init_array_start = .)
 *(SORT_BY_NAME(.init_array.*))
 *(.init_array*)
 .init_array    0x0000000008003940        0x4 /opt/st/stm32cubeide_1.4.0/plugins/com.st.stm32cube.ide.mcu.externaltools.gnu-tools-for-stm32.7-2018-q2-update.linux64_1.4.0.202007081208/tools/bin/../lib/gcc/arm-none-eabi/7.3.1/thumb/v7-m/crtbegin.o
 .init_array    0x0000000008003944        0x4 Core/Src/cpp_main.o
                0x0000000008003948                PROVIDE (__init_array_end = .)
                0x0000000008003948                . = ALIGN (0x4)

.fini_array     0x0000000008003948        0x4
                0x0000000008003948                . = ALIGN (0x4)
                [!provide]                        PROVIDE (__fini_array_start = .)
 *(SORT_BY_NAME(.fini_array.*))
 *(.fini_array*)
 .fini_array    0x0000000008003948        0x4 /opt/st/stm32cubeide_1.4.0/plugins/com.st.stm32cube.ide.mcu.externaltools.gnu-tools-for-stm32.7-2018-q2-update.linux64_1.4.0.202007081208/tools/bin/../lib/gcc/arm-none-eabi/7.3.1/thumb/v7-m/crtbegin.o
                [!provide]                        PROVIDE (__fini_array_end = .)
                0x000000000800394c                . = ALIGN (0x4)
                0x000000000800394c                _sidata = LOADADDR (.data)

.data           0x0000000020000000       0x70 load address 0x000000000800394c
                0x0000000020000000                . = ALIGN (0x4)
                0x0000000020000000                _sdata = .
 *(.data)
 *(.data*)
 .data.SystemCoreClock
                0x0000000020000000        0x4 Core/Src/system_stm32f1xx.o
                0x0000000020000000                SystemCoreClock
 .data.uwTickPrio
                0x0000000020000004        0x4 Drivers/STM32F1xx_HAL_Driver/Src/stm32f1xx_hal.o
                0x0000000020000004                uwTickPrio
 .data.uwTickFreq
                0x0000000020000008        0x1 Drivers/STM32F1xx_HAL_Driver/Src/stm32f1xx_hal.o
                0x0000000020000008                uwTickFreq
 *fill*         0x0000000020000009        0x3 
 .data._impure_ptr
                0x000000002000000c        0x4 /opt/st/stm32cubeide_1.4.0/plugins/com.st.stm32cube.ide.mcu.externaltools.gnu-tools-for-stm32.7-2018-q2-update.linux64_1.4.0.202007081208/tools/bin/../lib/gcc/arm-none-eabi/7.3.1/../../../../arm-none-eabi/lib/thumb/v7-m/libc_nano.a(lib_a-impure.o)
                0x000000002000000c                _impure_ptr
 .data.impure_data
                0x0000000020000010       0x60 /opt/st/stm32cubeide_1.4.0/plugins/com.st.stm32cube.ide.mcu.externaltools.gnu-tools-for-stm32.7-2018-q2-update.linux64_1.4.0.202007081208/tools/bin/../lib/gcc/arm-none-eabi/7.3.1/../../../../arm-none-eabi/lib/thumb/v7-m/libc_nano.a(lib_a-impure.o)
                0x0000000020000070                . = ALIGN (0x4)
                0x0000000020000070                _edata = .

.igot.plt       0x0000000020000070        0x0 load address 0x00000000080039bc
 .igot.plt      0x0000000020000070        0x0 /opt/st/stm32cubeide_1.4.0/plugins/com.st.stm32cube.ide.mcu.externaltools.gnu-tools-for-stm32.7-2018-q2-update.linux64_1.4.0.202007081208/tools/bin/../lib/gcc/arm-none-eabi/7.3.1/thumb/v7-m/crtbegin.o
                0x0000000020000070                . = ALIGN (0x4)

.bss            0x0000000020000070      0x588 load address 0x00000000080039bc
                0x0000000020000070                _sbss = .
                0x0000000020000070                __bss_start__ = _sbss
 *(.bss)
 .bss           0x0000000020000070       0x1c /opt/st/stm32cubeide_1.4.0/plugins/com.st.stm32cube.ide.mcu.externaltools.gnu-tools-for-stm32.7-2018-q2-update.linux64_1.4.0.202007081208/tools/bin/../lib/gcc/arm-none-eabi/7.3.1/thumb/v7-m/crtbegin.o
 *(.bss*)
 .bss.matrix    0x000000002000008c       0x18 Core/Src/cpp_main.o
                0x000000002000008c                matrix
 .bss.buffer    0x00000000200000a4      0x400 Core/Src/cpp_main.o
                0x00000000200000a4                buffer
 .bss._ZL8instance
                0x00000000200004a4        0x4 Core/Src/matrix_driver.o
 .bss.cycles    0x00000000200004a8        0x4 Core/Src/matrix_driver.o
                0x00000000200004a8                cycles
 .bss.latchTicks
                0x00000000200004ac        0x4 Core/Src/matrix_driver.o
                0x00000000200004ac                latchTicks
 .bss.__sbrk_heap_end
                0x00000000200004b0        0x4 Core/Src/sysmem.o
 .bss._ZN12_GLOBAL__N_113__new_handlerE
                0x00000000200004b4        0x4 /opt/st/stm32cubeide_1.4.0/plugins/com.st.stm32cube.ide.mcu.externaltools.gnu-tools-for-stm32.7-2018-q2-update.linux64_1.4.0.202007081208/tools/bin/../lib/gcc/arm-none-eabi/7.3.1/../../../../arm-none-eabi/lib/thumb/v7-m/libstdc++_nano.a(new_handler.o)
 .bss.__malloc_free_list
                0x00000000200004b8        0x4 /opt/st/stm32cubeide_1.4.0/plugins/com.st.stm32cube.ide.mcu.externaltools.gnu-tools-for-stm32.7-2018-q2-update.linux64_1.4.0.202007081208/tools/bin/../lib/gcc/arm-none-eabi/7.3.1/../../../../arm-none-eabi/lib/thumb/v7-m/libc_nano.a(lib_a-nano-mallocr.o)
                0x00000000200004b8                __malloc_free_list
 .bss.__malloc_sbrk_start
                0x00000000200004bc        0x4 /opt/st/stm32cubeide_1.4.0/plugins/com.st.stm32cube.ide.mcu.externaltools.gnu-tools-for-stm32.7-2018-q2-update.linux64_1.4.0.202007081208/tools/bin/../lib/gcc/arm-none-eabi/7.3.1/../../../../arm-none-eabi/lib/thumb/v7-m/libc_nano.a(lib_a-nano-mallocr.o)
                0x00000000200004bc                __malloc_sbrk_start
 *(COMMON)
 COMMON         0x00000000200004c0      0x130 Core/Src/main.o
                0x00000000200004c0                hdma_memtomem_dma1_channel3
                0x0000000020000504                hiwdg
                0x0000000020000510                htim3
                0x0000000020000558                huart1
                0x0000000020000598                hspi1
 COMMON         0x00000000200005f0        0x4 Drivers/STM32F1xx_HAL_Driver/Src/stm32f1xx_hal.o
                0x00000000200005f0                uwTick
 COMMON         0x00000000200005f4        0x4 /opt/st/stm32cubeide_1.4.0/plugins/com.st.stm32cube.ide.mcu.externaltools.gnu-tools-for-stm32.7-2018-q2-update.linux64_1.4.0.202007081208/tools/bin/../lib/gcc/arm-none-eabi/7.3.1/../../../../arm-none-eabi/lib/thumb/v7-m/libc_nano.a(lib_a-reent.o)
                0x00000000200005f4                errno
                0x00000000200005f8                . = ALIGN (0x4)
                0x00000000200005f8                _ebss = .
                0x00000000200005f8                __bss_end__ = _ebss

._user_heap_stack
                0x00000000200005f8      0x600 load address 0x00000000080039bc
                0x00000000200005f8                . = ALIGN (0x8)
                [!provide]                        PROVIDE (end = .)
                0x00000000200005f8                PROVIDE (_end = .)
                0x00000000200007f8                . = (. + _Min_Heap_Size)
 *fill*         0x00000000200005f8      0x200 
                0x0000000020000bf8                . = (. + _Min_Stack_Size)
 *fill*         0x00000000200007f8      0x400 
                0x0000000020000bf8                . = ALIGN (0x8)

/DISCARD/
 libc.a(*)
 libm.a(*)
 libgcc.a(*)

.ARM.attributes
                0x0000000000000000       0x29
 *(.ARM.attributes)
 .ARM.attributes
                0x0000000000000000       0x1d /opt/st/stm32cubeide_1.4.0/plugins/com.st.stm32cube.ide.mcu.externaltools.gnu-tools-for-stm32.7-2018-q2-update.linux64_1.4.0.202007081208/tools/bin/../lib/gcc/arm-none-eabi/7.3.1/thumb/v7-m/crti.o
 .ARM.attributes
                0x000000000000001d       0x2d /opt/st/stm32cubeide_1.4.0/plugins/com.st.stm32cube.ide.mcu.externaltools.gnu-tools-for-stm32.7-2018-q2-update.linux64_1.4.0.202007081208/tools/bin/../lib/gcc/arm-none-eabi/7.3.1/thumb/v7-m/crtbegin.o
 .ARM.attributes
                0x000000000000004a       0x33 Core/Src/cpp_main.o
 .ARM.attributes
                0x000000000000007d       0x33 Core/Src/main.o
 .ARM.attributes
                0x00000000000000b0       0x33 Core/Src/matrix_driver.o
 .ARM.attributes
                0x00000000000000e3       0x33 Core/Src/stm32f1xx_hal_msp.o
 .ARM.attributes
                0x0000000000000116       0x33 Core/Src/stm32f1xx_it.o
 .ARM.attributes
                0x0000000000000149       0x33 Core/Src/syscalls.o
 .ARM.attributes
                0x000000000000017c       0x33 Core/Src/sysmem.o
 .ARM.attributes
                0x00000000000001af       0x33 Core/Src/system_stm32f1xx.o
 .ARM.attributes
                0x00000000000001e2       0x21 Core/Startup/startup_stm32f103c8tx.o
 .ARM.attributes
                0x0000000000000203       0x33 Drivers/STM32F1xx_HAL_Driver/Src/stm32f1xx_hal.o
 .ARM.attributes
                0x0000000000000236       0x33 Drivers/STM32F1xx_HAL_Driver/Src/stm32f1xx_hal_cortex.o
 .ARM.attributes
                0x0000000000000269       0x33 Drivers/STM32F1xx_HAL_Driver/Src/stm32f1xx_hal_dma.o
 .ARM.attributes
                0x000000000000029c       0x33 Drivers/STM32F1xx_HAL_Driver/Src/stm32f1xx_hal_gpio.o
 .ARM.attributes
                0x00000000000002cf       0x33 Drivers/STM32F1xx_HAL_Driver/Src/stm32f1xx_hal_iwdg.o
 .ARM.attributes
                0x0000000000000302       0x33 Drivers/STM32F1xx_HAL_Driver/Src/stm32f1xx_hal_rcc.o
 .ARM.attributes
                0x0000000000000335       0x33 Drivers/STM32F1xx_HAL_Driver/Src/stm32f1xx_hal_spi.o
 .ARM.attributes
                0x0000000000000368       0x33 Drivers/STM32F1xx_HAL_Driver/Src/stm32f1xx_hal_tim.o
 .ARM.attributes
                0x000000000000039b       0x33 Drivers/STM32F1xx_HAL_Driver/Src/stm32f1xx_hal_tim_ex.o
 .ARM.attributes
                0x00000000000003ce       0x33 Drivers/STM32F1xx_HAL_Driver/Src/stm32f1xx_hal_uart.o
 .ARM.attributes
                0x0000000000000401       0x2d /opt/st/stm32cubeide_1.4.0/plugins/com.st.stm32cube.ide.mcu.externaltools.gnu-tools-for-stm32.7-2018-q2-update.linux64_1.4.0.202007081208/tools/bin/../lib/gcc/arm-none-eabi/7.3.1/../../../../arm-none-eabi/lib/thumb/v7-m/libstdc++_nano.a(new_opv.o)
 .ARM.attributes
                0x000000000000042e       0x2d /opt/st/stm32cubeide_1.4.0/plugins/com.st.stm32cube.ide.mcu.externaltools.gnu-tools-for-stm32.7-2018-q2-update.linux64_1.4.0.202007081208/tools/bin/../lib/gcc/arm-none-eabi/7.3.1/../../../../arm-none-eabi/lib/thumb/v7-m/libstdc++_nano.a(new_op.o)
 .ARM.attributes
                0x000000000000045b       0x2d /opt/st/stm32cubeide_1.4.0/plugins/com.st.stm32cube.ide.mcu.externaltools.gnu-tools-for-stm32.7-2018-q2-update.linux64_1.4.0.202007081208/tools/bin/../lib/gcc/arm-none-eabi/7.3.1/../../../../arm-none-eabi/lib/thumb/v7-m/libstdc++_nano.a(new_handler.o)
 .ARM.attributes
                0x0000000000000488       0x2d /opt/st/stm32cubeide_1.4.0/plugins/com.st.stm32cube.ide.mcu.externaltools.gnu-tools-for-stm32.7-2018-q2-update.linux64_1.4.0.202007081208/tools/bin/../lib/gcc/arm-none-eabi/7.3.1/../../../../arm-none-eabi/lib/thumb/v7-m/libc_nano.a(lib_a-abort.o)
 .ARM.attributes
                0x00000000000004b5       0x2d /opt/st/stm32cubeide_1.4.0/plugins/com.st.stm32cube.ide.mcu.externaltools.gnu-tools-for-stm32.7-2018-q2-update.linux64_1.4.0.202007081208/tools/bin/../lib/gcc/arm-none-eabi/7.3.1/../../../../arm-none-eabi/lib/thumb/v7-m/libc_nano.a(lib_a-errno.o)
 .ARM.attributes
                0x00000000000004e2       0x2d /opt/st/stm32cubeide_1.4.0/plugins/com.st.stm32cube.ide.mcu.externaltools.gnu-tools-for-stm32.7-2018-q2-update.linux64_1.4.0.202007081208/tools/bin/../lib/gcc/arm-none-eabi/7.3.1/../../../../arm-none-eabi/lib/thumb/v7-m/libc_nano.a(lib_a-impure.o)
 .ARM.attributes
                0x000000000000050f       0x2d /opt/st/stm32cubeide_1.4.0/plugins/com.st.stm32cube.ide.mcu.externaltools.gnu-tools-for-stm32.7-2018-q2-update.linux64_1.4.0.202007081208/tools/bin/../lib/gcc/arm-none-eabi/7.3.1/../../../../arm-none-eabi/lib/thumb/v7-m/libc_nano.a(lib_a-init.o)
 .ARM.attributes
                0x000000000000053c       0x2d /opt/st/stm32cubeide_1.4.0/plugins/com.st.stm32cube.ide.mcu.externaltools.gnu-tools-for-stm32.7-2018-q2-update.linux64_1.4.0.202007081208/tools/bin/../lib/gcc/arm-none-eabi/7.3.1/../../../../arm-none-eabi/lib/thumb/v7-m/libc_nano.a(lib_a-malloc.o)
 .ARM.attributes
                0x0000000000000569       0x2d /opt/st/stm32cubeide_1.4.0/plugins/com.st.stm32cube.ide.mcu.externaltools.gnu-tools-for-stm32.7-2018-q2-update.linux64_1.4.0.202007081208/tools/bin/../lib/gcc/arm-none-eabi/7.3.1/../../../../arm-none-eabi/lib/thumb/v7-m/libc_nano.a(lib_a-memset.o)
 .ARM.attributes
                0x0000000000000596       0x2d /opt/st/stm32cubeide_1.4.0/plugins/com.st.stm32cube.ide.mcu.externaltools.gnu-tools-for-stm32.7-2018-q2-update.linux64_1.4.0.202007081208/tools/bin/../lib/gcc/arm-none-eabi/7.3.1/../../../../arm-none-eabi/lib/thumb/v7-m/libc_nano.a(lib_a-nano-freer.o)
 .ARM.attributes
                0x00000000000005c3       0x2d /opt/st/stm32cubeide_1.4.0/plugins/com.st.stm32cube.ide.mcu.externaltools.gnu-tools-for-stm32.7-2018-q2-update.linux64_1.4.0.202007081208/tools/bin/../lib/gcc/arm-none-eabi/7.3.1/../../../../arm-none-eabi/lib/thumb/v7-m/libc_nano.a(lib_a-nano-mallocr.o)
 .ARM.attributes
                0x00000000000005f0       0x2d /opt/st/stm32cubeide_1.4.0/plugins/com.st.stm32cube.ide.mcu.externaltools.gnu-tools-for-stm32.7-2018-q2-update.linux64_1.4.0.202007081208/tools/bin/../lib/gcc/arm-none-eabi/7.3.1/../../../../arm-none-eabi/lib/thumb/v7-m/libc_nano.a(lib_a-sbrkr.o)
 .ARM.attributes
                0x000000000000061d       0x2d /opt/st/stm32cubeide_1.4.0/plugins/com.st.stm32cube.ide.mcu.externaltools.gnu-tools-for-stm32.7-2018-q2-update.linux64_1.4.0.202007081208/tools/bin/../lib/gcc/arm-none-eabi/7.3.1/../../../../arm-none-eabi/lib/thumb/v7-m/libc_nano.a(lib_a-signal.o)
 .ARM.attributes
                0x000000000000064a       0x2d /opt/st/stm32cubeide_1.4.0/plugins/com.st.stm32cube.ide.mcu.externaltools.gnu-tools-for-stm32.7-2018-q2-update.linux64_1.4.0.202007081208/tools/bin/../lib/gcc/arm-none-eabi/7.3.1/../../../../arm-none-eabi/lib/thumb/v7-m/libc_nano.a(lib_a-signalr.o)
 .ARM.attributes
                0x0000000000000677       0x2d /opt/st/stm32cubeide_1.4.0/plugins/com.st.stm32cube.ide.mcu.externaltools.gnu-tools-for-stm32.7-2018-q2-update.linux64_1.4.0.202007081208/tools/bin/../lib/gcc/arm-none-eabi/7.3.1/../../../../arm-none-eabi/lib/thumb/v7-m/libc_nano.a(lib_a-sprintf.o)
 .ARM.attributes
                0x00000000000006a4       0x17 /opt/st/stm32cubeide_1.4.0/plugins/com.st.stm32cube.ide.mcu.externaltools.gnu-tools-for-stm32.7-2018-q2-update.linux64_1.4.0.202007081208/tools/bin/../lib/gcc/arm-none-eabi/7.3.1/../../../../arm-none-eabi/lib/thumb/v7-m/libc_nano.a(lib_a-strlen.o)
 .ARM.attributes
                0x00000000000006bb       0x2d /opt/st/stm32cubeide_1.4.0/plugins/com.st.stm32cube.ide.mcu.externaltools.gnu-tools-for-stm32.7-2018-q2-update.linux64_1.4.0.202007081208/tools/bin/../lib/gcc/arm-none-eabi/7.3.1/../../../../arm-none-eabi/lib/thumb/v7-m/libc_nano.a(lib_a-mlock.o)
 .ARM.attributes
                0x00000000000006e8       0x2d /opt/st/stm32cubeide_1.4.0/plugins/com.st.stm32cube.ide.mcu.externaltools.gnu-tools-for-stm32.7-2018-q2-update.linux64_1.4.0.202007081208/tools/bin/../lib/gcc/arm-none-eabi/7.3.1/../../../../arm-none-eabi/lib/thumb/v7-m/libc_nano.a(lib_a-nano-svfprintf.o)
 .ARM.attributes
                0x0000000000000715       0x2d /opt/st/stm32cubeide_1.4.0/plugins/com.st.stm32cube.ide.mcu.externaltools.gnu-tools-for-stm32.7-2018-q2-update.linux64_1.4.0.202007081208/tools/bin/../lib/gcc/arm-none-eabi/7.3.1/../../../../arm-none-eabi/lib/thumb/v7-m/libc_nano.a(lib_a-nano-vfprintf_i.o)
 .ARM.attributes
                0x0000000000000742       0x2d /opt/st/stm32cubeide_1.4.0/plugins/com.st.stm32cube.ide.mcu.externaltools.gnu-tools-for-stm32.7-2018-q2-update.linux64_1.4.0.202007081208/tools/bin/../lib/gcc/arm-none-eabi/7.3.1/../../../../arm-none-eabi/lib/thumb/v7-m/libc_nano.a(lib_a-reent.o)
 .ARM.attributes
                0x000000000000076f       0x2d /opt/st/stm32cubeide_1.4.0/plugins/com.st.stm32cube.ide.mcu.externaltools.gnu-tools-for-stm32.7-2018-q2-update.linux64_1.4.0.202007081208/tools/bin/../lib/gcc/arm-none-eabi/7.3.1/../../../../arm-none-eabi/lib/thumb/v7-m/libc_nano.a(lib_a-memchr-stub.o)
 .ARM.attributes
                0x000000000000079c       0x2d /opt/st/stm32cubeide_1.4.0/plugins/com.st.stm32cube.ide.mcu.externaltools.gnu-tools-for-stm32.7-2018-q2-update.linux64_1.4.0.202007081208/tools/bin/../lib/gcc/arm-none-eabi/7.3.1/../../../../arm-none-eabi/lib/thumb/v7-m/libc_nano.a(lib_a-memcpy-stub.o)
 .ARM.attributes
                0x00000000000007c9       0x2d /opt/st/stm32cubeide_1.4.0/plugins/com.st.stm32cube.ide.mcu.externaltools.gnu-tools-for-stm32.7-2018-q2-update.linux64_1.4.0.202007081208/tools/bin/../lib/gcc/arm-none-eabi/7.3.1/../../../../arm-none-eabi/lib/thumb/v7-m/libc_nano.a(lib_a-memmove.o)
 .ARM.attributes
                0x00000000000007f6       0x2d /opt/st/stm32cubeide_1.4.0/plugins/com.st.stm32cube.ide.mcu.externaltools.gnu-tools-for-stm32.7-2018-q2-update.linux64_1.4.0.202007081208/tools/bin/../lib/gcc/arm-none-eabi/7.3.1/../../../../arm-none-eabi/lib/thumb/v7-m/libc_nano.a(lib_a-nano-reallocr.o)
 .ARM.attributes
                0x0000000000000823       0x2d /opt/st/stm32cubeide_1.4.0/plugins/com.st.stm32cube.ide.mcu.externaltools.gnu-tools-for-stm32.7-2018-q2-update.linux64_1.4.0.202007081208/tools/bin/../lib/gcc/arm-none-eabi/7.3.1/../../../../arm-none-eabi/lib/thumb/v7-m/libc_nano.a(lib_a-nano-msizer.o)
 .ARM.attributes
                0x0000000000000850       0x1d /opt/st/stm32cubeide_1.4.0/plugins/com.st.stm32cube.ide.mcu.externaltools.gnu-tools-for-stm32.7-2018-q2-update.linux64_1.4.0.202007081208/tools/bin/../lib/gcc/arm-none-eabi/7.3.1/thumb/v7-m/crtn.o
OUTPUT(GraphicsDriver.elf elf32-littlearm)

.debug_info     0x0000000000000000    0x10251
 .debug_info    0x0000000000000000     0x17d9 Core/Src/cpp_main.o
 .debug_info    0x00000000000017d9     0x109b Core/Src/main.o
 .debug_info    0x0000000000002874     0x197f Core/Src/matrix_driver.o
 .debug_info    0x00000000000041f3      0xfcb Core/Src/stm32f1xx_hal_msp.o
 .debug_info    0x00000000000051be      0x743 Core/Src/stm32f1xx_it.o
 .debug_info    0x0000000000005901      0xebd Core/Src/syscalls.o
 .debug_info    0x00000000000067be      0x985 Core/Src/sysmem.o
 .debug_info    0x0000000000007143      0x29a Core/Src/system_stm32f1xx.o
 .debug_info    0x00000000000073dd       0x22 Core/Startup/startup_stm32f103c8tx.o
 .debug_info    0x00000000000073ff      0x714 Drivers/STM32F1xx_HAL_Driver/Src/stm32f1xx_hal.o
 .debug_info    0x0000000000007b13      0xb51 Drivers/STM32F1xx_HAL_Driver/Src/stm32f1xx_hal_cortex.o
 .debug_info    0x0000000000008664      0x7b1 Drivers/STM32F1xx_HAL_Driver/Src/stm32f1xx_hal_dma.o
 .debug_info    0x0000000000008e15      0x69b Drivers/STM32F1xx_HAL_Driver/Src/stm32f1xx_hal_gpio.o
 .debug_info    0x00000000000094b0      0x2a7 Drivers/STM32F1xx_HAL_Driver/Src/stm32f1xx_hal_iwdg.o
 .debug_info    0x0000000000009757      0x80f Drivers/STM32F1xx_HAL_Driver/Src/stm32f1xx_hal_rcc.o
 .debug_info    0x0000000000009f66     0x1572 Drivers/STM32F1xx_HAL_Driver/Src/stm32f1xx_hal_spi.o
 .debug_info    0x000000000000b4d8     0x27ef Drivers/STM32F1xx_HAL_Driver/Src/stm32f1xx_hal_tim.o
 .debug_info    0x000000000000dcc7     0x136f Drivers/STM32F1xx_HAL_Driver/Src/stm32f1xx_hal_tim_ex.o
 .debug_info    0x000000000000f036     0x121b Drivers/STM32F1xx_HAL_Driver/Src/stm32f1xx_hal_uart.o

.debug_abbrev   0x0000000000000000     0x256d
 .debug_abbrev  0x0000000000000000      0x2ad Core/Src/cpp_main.o
 .debug_abbrev  0x00000000000002ad      0x224 Core/Src/main.o
 .debug_abbrev  0x00000000000004d1      0x39d Core/Src/matrix_driver.o
 .debug_abbrev  0x000000000000086e      0x1a6 Core/Src/stm32f1xx_hal_msp.o
 .debug_abbrev  0x0000000000000a14      0x15a Core/Src/stm32f1xx_it.o
 .debug_abbrev  0x0000000000000b6e      0x261 Core/Src/syscalls.o
 .debug_abbrev  0x0000000000000dcf      0x19b Core/Src/sysmem.o
 .debug_abbrev  0x0000000000000f6a      0x134 Core/Src/system_stm32f1xx.o
 .debug_abbrev  0x000000000000109e       0x12 Core/Startup/startup_stm32f103c8tx.o
 .debug_abbrev  0x00000000000010b0      0x1c7 Drivers/STM32F1xx_HAL_Driver/Src/stm32f1xx_hal.o
 .debug_abbrev  0x0000000000001277      0x2d5 Drivers/STM32F1xx_HAL_Driver/Src/stm32f1xx_hal_cortex.o
 .debug_abbrev  0x000000000000154c      0x1fe Drivers/STM32F1xx_HAL_Driver/Src/stm32f1xx_hal_dma.o
 .debug_abbrev  0x000000000000174a      0x1c0 Drivers/STM32F1xx_HAL_Driver/Src/stm32f1xx_hal_gpio.o
 .debug_abbrev  0x000000000000190a      0x138 Drivers/STM32F1xx_HAL_Driver/Src/stm32f1xx_hal_iwdg.o
 .debug_abbrev  0x0000000000001a42      0x243 Drivers/STM32F1xx_HAL_Driver/Src/stm32f1xx_hal_rcc.o
 .debug_abbrev  0x0000000000001c85      0x240 Drivers/STM32F1xx_HAL_Driver/Src/stm32f1xx_hal_spi.o
 .debug_abbrev  0x0000000000001ec5      0x230 Drivers/STM32F1xx_HAL_Driver/Src/stm32f1xx_hal_tim.o
 .debug_abbrev  0x00000000000020f5      0x236 Drivers/STM32F1xx_HAL_Driver/Src/stm32f1xx_hal_tim_ex.o
 .debug_abbrev  0x000000000000232b      0x242 Drivers/STM32F1xx_HAL_Driver/Src/stm32f1xx_hal_uart.o

.debug_aranges  0x0000000000000000      0xf18
 .debug_aranges
                0x0000000000000000       0x30 Core/Src/cpp_main.o
 .debug_aranges
                0x0000000000000030       0x60 Core/Src/main.o
 .debug_aranges
                0x0000000000000090       0x70 Core/Src/matrix_driver.o
 .debug_aranges
                0x0000000000000100       0x50 Core/Src/stm32f1xx_hal_msp.o
 .debug_aranges
                0x0000000000000150       0x68 Core/Src/stm32f1xx_it.o
 .debug_aranges
                0x00000000000001b8       0xa8 Core/Src/syscalls.o
 .debug_aranges
                0x0000000000000260       0x20 Core/Src/sysmem.o
 .debug_aranges
                0x0000000000000280       0x28 Core/Src/system_stm32f1xx.o
 .debug_aranges
                0x00000000000002a8       0x28 Core/Startup/startup_stm32f103c8tx.o
 .debug_aranges
                0x00000000000002d0       0xe0 Drivers/STM32F1xx_HAL_Driver/Src/stm32f1xx_hal.o
 .debug_aranges
                0x00000000000003b0      0x100 Drivers/STM32F1xx_HAL_Driver/Src/stm32f1xx_hal_cortex.o
 .debug_aranges
                0x00000000000004b0       0x80 Drivers/STM32F1xx_HAL_Driver/Src/stm32f1xx_hal_dma.o
 .debug_aranges
                0x0000000000000530       0x58 Drivers/STM32F1xx_HAL_Driver/Src/stm32f1xx_hal_gpio.o
 .debug_aranges
                0x0000000000000588       0x28 Drivers/STM32F1xx_HAL_Driver/Src/stm32f1xx_hal_iwdg.o
 .debug_aranges
                0x00000000000005b0       0x90 Drivers/STM32F1xx_HAL_Driver/Src/stm32f1xx_hal_rcc.o
 .debug_aranges
                0x0000000000000640      0x1d0 Drivers/STM32F1xx_HAL_Driver/Src/stm32f1xx_hal_spi.o
 .debug_aranges
                0x0000000000000810      0x3d0 Drivers/STM32F1xx_HAL_Driver/Src/stm32f1xx_hal_tim.o
 .debug_aranges
                0x0000000000000be0      0x168 Drivers/STM32F1xx_HAL_Driver/Src/stm32f1xx_hal_tim_ex.o
 .debug_aranges
                0x0000000000000d48      0x1d0 Drivers/STM32F1xx_HAL_Driver/Src/stm32f1xx_hal_uart.o

.debug_ranges   0x0000000000000000      0xdf0
 .debug_ranges  0x0000000000000000       0x20 Core/Src/cpp_main.o
 .debug_ranges  0x0000000000000020       0x50 Core/Src/main.o
 .debug_ranges  0x0000000000000070       0x60 Core/Src/matrix_driver.o
 .debug_ranges  0x00000000000000d0       0x40 Core/Src/stm32f1xx_hal_msp.o
 .debug_ranges  0x0000000000000110       0x58 Core/Src/stm32f1xx_it.o
 .debug_ranges  0x0000000000000168       0x98 Core/Src/syscalls.o
 .debug_ranges  0x0000000000000200       0x10 Core/Src/sysmem.o
 .debug_ranges  0x0000000000000210       0x18 Core/Src/system_stm32f1xx.o
 .debug_ranges  0x0000000000000228       0x20 Core/Startup/startup_stm32f103c8tx.o
 .debug_ranges  0x0000000000000248       0xd0 Drivers/STM32F1xx_HAL_Driver/Src/stm32f1xx_hal.o
 .debug_ranges  0x0000000000000318       0xf0 Drivers/STM32F1xx_HAL_Driver/Src/stm32f1xx_hal_cortex.o
 .debug_ranges  0x0000000000000408       0x70 Drivers/STM32F1xx_HAL_Driver/Src/stm32f1xx_hal_dma.o
 .debug_ranges  0x0000000000000478       0x48 Drivers/STM32F1xx_HAL_Driver/Src/stm32f1xx_hal_gpio.o
 .debug_ranges  0x00000000000004c0       0x18 Drivers/STM32F1xx_HAL_Driver/Src/stm32f1xx_hal_iwdg.o
 .debug_ranges  0x00000000000004d8       0x80 Drivers/STM32F1xx_HAL_Driver/Src/stm32f1xx_hal_rcc.o
 .debug_ranges  0x0000000000000558      0x1c0 Drivers/STM32F1xx_HAL_Driver/Src/stm32f1xx_hal_spi.o
 .debug_ranges  0x0000000000000718      0x3c0 Drivers/STM32F1xx_HAL_Driver/Src/stm32f1xx_hal_tim.o
 .debug_ranges  0x0000000000000ad8      0x158 Drivers/STM32F1xx_HAL_Driver/Src/stm32f1xx_hal_tim_ex.o
 .debug_ranges  0x0000000000000c30      0x1c0 Drivers/STM32F1xx_HAL_Driver/Src/stm32f1xx_hal_uart.o

.debug_macro    0x0000000000000000    0x1b0c2
 .debug_macro   0x0000000000000000      0x35b Core/Src/cpp_main.o
 .debug_macro   0x000000000000035b      0xb2c Core/Src/cpp_main.o
 .debug_macro   0x0000000000000e87      0x22d Core/Src/cpp_main.o
 .debug_macro   0x00000000000010b4       0x2e Core/Src/cpp_main.o
 .debug_macro   0x00000000000010e2       0x22 Core/Src/cpp_main.o
 .debug_macro   0x0000000000001104       0x1c Core/Src/cpp_main.o
 .debug_macro   0x0000000000001120       0x22 Core/Src/cpp_main.o
 .debug_macro   0x0000000000001142       0x8e Core/Src/cpp_main.o
 .debug_macro   0x00000000000011d0       0x51 Core/Src/cpp_main.o
 .debug_macro   0x0000000000001221       0xef Core/Src/cpp_main.o
 .debug_macro   0x0000000000001310       0x6a Core/Src/cpp_main.o
 .debug_macro   0x000000000000137a      0x1df Core/Src/cpp_main.o
 .debug_macro   0x0000000000001559       0x1c Core/Src/cpp_main.o
 .debug_macro   0x0000000000001575       0x22 Core/Src/cpp_main.o
 .debug_macro   0x0000000000001597       0xc3 Core/Src/cpp_main.o
 .debug_macro   0x000000000000165a      0xd23 Core/Src/cpp_main.o
 .debug_macro   0x000000000000237d     0xe097 Core/Src/cpp_main.o
 .debug_macro   0x0000000000010414       0x43 Core/Src/cpp_main.o
 .debug_macro   0x0000000000010457     0x3468 Core/Src/cpp_main.o
 .debug_macro   0x00000000000138bf      0x17b Core/Src/cpp_main.o
 .debug_macro   0x0000000000013a3a       0x5c Core/Src/cpp_main.o
 .debug_macro   0x0000000000013a96      0x5be Core/Src/cpp_main.o
 .debug_macro   0x0000000000014054      0x289 Core/Src/cpp_main.o
 .debug_macro   0x00000000000142dd      0x1cb Core/Src/cpp_main.o
 .debug_macro   0x00000000000144a8      0x114 Core/Src/cpp_main.o
 .debug_macro   0x00000000000145bc      0x1b2 Core/Src/cpp_main.o
 .debug_macro   0x000000000001476e       0x27 Core/Src/cpp_main.o
 .debug_macro   0x0000000000014795      0x136 Core/Src/cpp_main.o
 .debug_macro   0x00000000000148cb      0x1bc Core/Src/cpp_main.o
 .debug_macro   0x0000000000014a87       0x34 Core/Src/cpp_main.o
 .debug_macro   0x0000000000014abb       0x3c Core/Src/cpp_main.o
 .debug_macro   0x0000000000014af7       0x57 Core/Src/cpp_main.o
 .debug_macro   0x0000000000014b4e       0x88 Core/Src/cpp_main.o
 .debug_macro   0x0000000000014bd6      0x241 Core/Src/cpp_main.o
 .debug_macro   0x0000000000014e17       0x78 Core/Src/cpp_main.o
 .debug_macro   0x0000000000014e8f      0x141 Core/Src/cpp_main.o
 .debug_macro   0x0000000000014fd0      0x217 Core/Src/cpp_main.o
 .debug_macro   0x00000000000151e7      0x8d1 Core/Src/cpp_main.o
 .debug_macro   0x0000000000015ab8      0x26b Core/Src/cpp_main.o
 .debug_macro   0x0000000000015d23       0x83 Core/Src/cpp_main.o
 .debug_macro   0x0000000000015da6       0xac Core/Src/cpp_main.o
 .debug_macro   0x0000000000015e52       0x46 Core/Src/cpp_main.o
 .debug_macro   0x0000000000015e98       0x18 Core/Src/cpp_main.o
 .debug_macro   0x0000000000015eb0       0x3c Core/Src/cpp_main.o
 .debug_macro   0x0000000000015eec       0x34 Core/Src/cpp_main.o
 .debug_macro   0x0000000000015f20       0x16 Core/Src/cpp_main.o
 .debug_macro   0x0000000000015f36       0x35 Core/Src/cpp_main.o
 .debug_macro   0x0000000000015f6b      0x34d Core/Src/cpp_main.o
 .debug_macro   0x00000000000162b8       0x10 Core/Src/cpp_main.o
 .debug_macro   0x00000000000162c8       0x52 Core/Src/cpp_main.o
 .debug_macro   0x000000000001631a       0x1f Core/Src/cpp_main.o
 .debug_macro   0x0000000000016339       0x43 Core/Src/cpp_main.o
 .debug_macro   0x000000000001637c       0x20 Core/Src/cpp_main.o
 .debug_macro   0x000000000001639c      0x1a3 Core/Src/cpp_main.o
 .debug_macro   0x000000000001653f       0x10 Core/Src/cpp_main.o
 .debug_macro   0x000000000001654f       0x1c Core/Src/cpp_main.o
 .debug_macro   0x000000000001656b       0x52 Core/Src/cpp_main.o
 .debug_macro   0x00000000000165bd       0x40 Core/Src/cpp_main.o
 .debug_macro   0x00000000000165fd       0x10 Core/Src/cpp_main.o
 .debug_macro   0x000000000001660d       0x40 Core/Src/cpp_main.o
 .debug_macro   0x000000000001664d       0xd7 Core/Src/cpp_main.o
 .debug_macro   0x0000000000016724       0x1c Core/Src/cpp_main.o
 .debug_macro   0x0000000000016740       0x3d Core/Src/cpp_main.o
 .debug_macro   0x000000000001677d       0x16 Core/Src/cpp_main.o
 .debug_macro   0x0000000000016793      0x137 Core/Src/cpp_main.o
 .debug_macro   0x00000000000168ca       0x16 Core/Src/cpp_main.o
 .debug_macro   0x00000000000168e0       0x20 Core/Src/cpp_main.o
 .debug_macro   0x0000000000016900      0x1c6 Core/Src/main.o
 .debug_macro   0x0000000000016ac6      0xa5a Core/Src/main.o
 .debug_macro   0x0000000000017520      0xd23 Core/Src/main.o
 .debug_macro   0x0000000000018243      0x174 Core/Src/main.o
 .debug_macro   0x00000000000183b7      0x3af Core/Src/matrix_driver.o
 .debug_macro   0x0000000000018766      0x1c6 Core/Src/stm32f1xx_hal_msp.o
 .debug_macro   0x000000000001892c      0x1d0 Core/Src/stm32f1xx_it.o
 .debug_macro   0x0000000000018afc      0x243 Core/Src/syscalls.o
 .debug_macro   0x0000000000018d3f       0x40 Core/Src/syscalls.o
 .debug_macro   0x0000000000018d7f       0x94 Core/Src/syscalls.o
 .debug_macro   0x0000000000018e13       0x34 Core/Src/syscalls.o
 .debug_macro   0x0000000000018e47       0x57 Core/Src/syscalls.o
 .debug_macro   0x0000000000018e9e      0x330 Core/Src/syscalls.o
 .debug_macro   0x00000000000191ce       0x43 Core/Src/syscalls.o
 .debug_macro   0x0000000000019211       0x10 Core/Src/syscalls.o
 .debug_macro   0x0000000000019221       0x35 Core/Src/syscalls.o
 .debug_macro   0x0000000000019256       0x10 Core/Src/syscalls.o
 .debug_macro   0x0000000000019266       0x10 Core/Src/syscalls.o
 .debug_macro   0x0000000000019276       0x35 Core/Src/syscalls.o
 .debug_macro   0x00000000000192ab      0x122 Core/Src/syscalls.o
 .debug_macro   0x00000000000193cd       0x16 Core/Src/syscalls.o
 .debug_macro   0x00000000000193e3       0x16 Core/Src/syscalls.o
 .debug_macro   0x00000000000193f9       0x29 Core/Src/syscalls.o
 .debug_macro   0x0000000000019422       0x10 Core/Src/syscalls.o
 .debug_macro   0x0000000000019432      0x241 Core/Src/syscalls.o
 .debug_macro   0x0000000000019673       0x1c Core/Src/syscalls.o
 .debug_macro   0x000000000001968f       0x10 Core/Src/syscalls.o
 .debug_macro   0x000000000001969f      0x145 Core/Src/syscalls.o
 .debug_macro   0x00000000000197e4      0x189 Core/Src/syscalls.o
 .debug_macro   0x000000000001996d       0x16 Core/Src/syscalls.o
 .debug_macro   0x0000000000019983       0x88 Core/Src/syscalls.o
 .debug_macro   0x0000000000019a0b       0xee Core/Src/sysmem.o
 .debug_macro   0x0000000000019af9      0x23b Core/Src/sysmem.o
 .debug_macro   0x0000000000019d34      0x1b7 Core/Src/system_stm32f1xx.o
 .debug_macro   0x0000000000019eeb      0x1db Drivers/STM32F1xx_HAL_Driver/Src/stm32f1xx_hal.o
 .debug_macro   0x000000000001a0c6      0x1b7 Drivers/STM32F1xx_HAL_Driver/Src/stm32f1xx_hal_cortex.o
 .debug_macro   0x000000000001a27d      0x1b7 Drivers/STM32F1xx_HAL_Driver/Src/stm32f1xx_hal_dma.o
 .debug_macro   0x000000000001a434      0x222 Drivers/STM32F1xx_HAL_Driver/Src/stm32f1xx_hal_gpio.o
 .debug_macro   0x000000000001a656      0x1bd Drivers/STM32F1xx_HAL_Driver/Src/stm32f1xx_hal_iwdg.o
 .debug_macro   0x000000000001a813      0x1c9 Drivers/STM32F1xx_HAL_Driver/Src/stm32f1xx_hal_rcc.o
 .debug_macro   0x000000000001a9dc      0x1bf Drivers/STM32F1xx_HAL_Driver/Src/stm32f1xx_hal_spi.o
 .debug_macro   0x000000000001ab9b      0x1b8 Drivers/STM32F1xx_HAL_Driver/Src/stm32f1xx_hal_tim.o
 .debug_macro   0x000000000001ad53      0x1b7 Drivers/STM32F1xx_HAL_Driver/Src/stm32f1xx_hal_tim_ex.o
 .debug_macro   0x000000000001af0a      0x1b8 Drivers/STM32F1xx_HAL_Driver/Src/stm32f1xx_hal_uart.o

.debug_line     0x0000000000000000     0xc35c
 .debug_line    0x0000000000000000      0x919 Core/Src/cpp_main.o
 .debug_line    0x0000000000000919      0x76b Core/Src/main.o
 .debug_line    0x0000000000001084      0xae0 Core/Src/matrix_driver.o
 .debug_line    0x0000000000001b64      0x70e Core/Src/stm32f1xx_hal_msp.o
 .debug_line    0x0000000000002272      0x738 Core/Src/stm32f1xx_it.o
 .debug_line    0x00000000000029aa      0x711 Core/Src/syscalls.o
 .debug_line    0x00000000000030bb      0x49a Core/Src/sysmem.o
 .debug_line    0x0000000000003555      0x6aa Core/Src/system_stm32f1xx.o
 .debug_line    0x0000000000003bff       0x84 Core/Startup/startup_stm32f103c8tx.o
 .debug_line    0x0000000000003c83      0x85d Drivers/STM32F1xx_HAL_Driver/Src/stm32f1xx_hal.o
 .debug_line    0x00000000000044e0      0x934 Drivers/STM32F1xx_HAL_Driver/Src/stm32f1xx_hal_cortex.o
 .debug_line    0x0000000000004e14      0xac2 Drivers/STM32F1xx_HAL_Driver/Src/stm32f1xx_hal_dma.o
 .debug_line    0x00000000000058d6      0x859 Drivers/STM32F1xx_HAL_Driver/Src/stm32f1xx_hal_gpio.o
 .debug_line    0x000000000000612f      0x6b3 Drivers/STM32F1xx_HAL_Driver/Src/stm32f1xx_hal_iwdg.o
 .debug_line    0x00000000000067e2      0x91d Drivers/STM32F1xx_HAL_Driver/Src/stm32f1xx_hal_rcc.o
 .debug_line    0x00000000000070ff     0x1048 Drivers/STM32F1xx_HAL_Driver/Src/stm32f1xx_hal_spi.o
 .debug_line    0x0000000000008147     0x1fb6 Drivers/STM32F1xx_HAL_Driver/Src/stm32f1xx_hal_tim.o
 .debug_line    0x000000000000a0fd     0x12c4 Drivers/STM32F1xx_HAL_Driver/Src/stm32f1xx_hal_tim_ex.o
 .debug_line    0x000000000000b3c1      0xf9b Drivers/STM32F1xx_HAL_Driver/Src/stm32f1xx_hal_uart.o

.debug_str      0x0000000000000000    0x8e071
 .debug_str     0x0000000000000000    0x89681 Core/Src/cpp_main.o
                                      0x89d52 (size before relaxing)
 .debug_str     0x0000000000089681      0x503 Core/Src/main.o
                                      0x855ea (size before relaxing)
 .debug_str     0x0000000000089b84      0x1db Core/Src/matrix_driver.o
                                      0x89cd5 (size before relaxing)
 .debug_str     0x0000000000089d5f      0x345 Core/Src/stm32f1xx_hal_msp.o
                                      0x85646 (size before relaxing)
 .debug_str     0x000000000008a0a4       0xcd Core/Src/stm32f1xx_it.o
                                      0x84f92 (size before relaxing)
 .debug_str     0x000000000008a171     0x1333 Core/Src/syscalls.o
                                       0x8883 (size before relaxing)
 .debug_str     0x000000000008b4a4       0x6b Core/Src/sysmem.o
                                       0x5f51 (size before relaxing)
 .debug_str     0x000000000008b50f       0x52 Core/Src/system_stm32f1xx.o
                                      0x847d0 (size before relaxing)
 .debug_str     0x000000000008b561       0x36 Core/Startup/startup_stm32f103c8tx.o
                                         0x81 (size before relaxing)
 .debug_str     0x000000000008b597      0x2f5 Drivers/STM32F1xx_HAL_Driver/Src/stm32f1xx_hal.o
                                      0x84e61 (size before relaxing)
 .debug_str     0x000000000008b88c      0x2f7 Drivers/STM32F1xx_HAL_Driver/Src/stm32f1xx_hal_cortex.o
                                      0x84e69 (size before relaxing)
 .debug_str     0x000000000008bb83      0x235 Drivers/STM32F1xx_HAL_Driver/Src/stm32f1xx_hal_dma.o
                                      0x84bab (size before relaxing)
 .debug_str     0x000000000008bdb8      0x31f Drivers/STM32F1xx_HAL_Driver/Src/stm32f1xx_hal_gpio.o
                                      0x84b94 (size before relaxing)
 .debug_str     0x000000000008c0d7       0x96 Drivers/STM32F1xx_HAL_Driver/Src/stm32f1xx_hal_iwdg.o
                                      0x84867 (size before relaxing)
 .debug_str     0x000000000008c16d      0x244 Drivers/STM32F1xx_HAL_Driver/Src/stm32f1xx_hal_rcc.o
                                      0x84bcd (size before relaxing)
 .debug_str     0x000000000008c3b1      0x549 Drivers/STM32F1xx_HAL_Driver/Src/stm32f1xx_hal_spi.o
                                      0x850d5 (size before relaxing)
 .debug_str     0x000000000008c8fa      0xd42 Drivers/STM32F1xx_HAL_Driver/Src/stm32f1xx_hal_tim.o
                                      0x85b9f (size before relaxing)
 .debug_str     0x000000000008d63c      0x517 Drivers/STM32F1xx_HAL_Driver/Src/stm32f1xx_hal_tim_ex.o
                                      0x85379 (size before relaxing)
 .debug_str     0x000000000008db53      0x51e Drivers/STM32F1xx_HAL_Driver/Src/stm32f1xx_hal_uart.o
                                      0x850d3 (size before relaxing)

.comment        0x0000000000000000       0x7b
 .comment       0x0000000000000000       0x7b Core/Src/cpp_main.o
                                         0x7c (size before relaxing)
 .comment       0x000000000000007b       0x7c Core/Src/main.o
 .comment       0x000000000000007b       0x7c Core/Src/matrix_driver.o
 .comment       0x000000000000007b       0x7c Core/Src/stm32f1xx_hal_msp.o
 .comment       0x000000000000007b       0x7c Core/Src/stm32f1xx_it.o
 .comment       0x000000000000007b       0x7c Core/Src/syscalls.o
 .comment       0x000000000000007b       0x7c Core/Src/sysmem.o
 .comment       0x000000000000007b       0x7c Core/Src/system_stm32f1xx.o
 .comment       0x000000000000007b       0x7c Drivers/STM32F1xx_HAL_Driver/Src/stm32f1xx_hal.o
 .comment       0x000000000000007b       0x7c Drivers/STM32F1xx_HAL_Driver/Src/stm32f1xx_hal_cortex.o
 .comment       0x000000000000007b       0x7c Drivers/STM32F1xx_HAL_Driver/Src/stm32f1xx_hal_dma.o
 .comment       0x000000000000007b       0x7c Drivers/STM32F1xx_HAL_Driver/Src/stm32f1xx_hal_gpio.o
 .comment       0x000000000000007b       0x7c Drivers/STM32F1xx_HAL_Driver/Src/stm32f1xx_hal_iwdg.o
 .comment       0x000000000000007b       0x7c Drivers/STM32F1xx_HAL_Driver/Src/stm32f1xx_hal_rcc.o
 .comment       0x000000000000007b       0x7c Drivers/STM32F1xx_HAL_Driver/Src/stm32f1xx_hal_spi.o
 .comment       0x000000000000007b       0x7c Drivers/STM32F1xx_HAL_Driver/Src/stm32f1xx_hal_tim.o
 .comment       0x000000000000007b       0x7c Drivers/STM32F1xx_HAL_Driver/Src/stm32f1xx_hal_tim_ex.o
 .comment       0x000000000000007b       0x7c Drivers/STM32F1xx_HAL_Driver/Src/stm32f1xx_hal_uart.o

.debug_frame    0x0000000000000000     0x43c4
 .debug_frame   0x0000000000000000       0x74 Core/Src/cpp_main.o
 .debug_frame   0x0000000000000074      0x130 Core/Src/main.o
 .debug_frame   0x00000000000001a4      0x1b0 Core/Src/matrix_driver.o
 .debug_frame   0x0000000000000354      0x110 Core/Src/stm32f1xx_hal_msp.o
 .debug_frame   0x0000000000000464      0x128 Core/Src/stm32f1xx_it.o
 .debug_frame   0x000000000000058c      0x2ac Core/Src/syscalls.o
 .debug_frame   0x0000000000000838       0x34 Core/Src/sysmem.o
 .debug_frame   0x000000000000086c       0x58 Core/Src/system_stm32f1xx.o
 .debug_frame   0x00000000000008c4      0x334 Drivers/STM32F1xx_HAL_Driver/Src/stm32f1xx_hal.o
 .debug_frame   0x0000000000000bf8      0x428 Drivers/STM32F1xx_HAL_Driver/Src/stm32f1xx_hal_cortex.o
 .debug_frame   0x0000000000001020      0x208 Drivers/STM32F1xx_HAL_Driver/Src/stm32f1xx_hal_dma.o
 .debug_frame   0x0000000000001228      0x14c Drivers/STM32F1xx_HAL_Driver/Src/stm32f1xx_hal_gpio.o
 .debug_frame   0x0000000000001374       0x5c Drivers/STM32F1xx_HAL_Driver/Src/stm32f1xx_hal_iwdg.o
 .debug_frame   0x00000000000013d0      0x21c Drivers/STM32F1xx_HAL_Driver/Src/stm32f1xx_hal_rcc.o
 .debug_frame   0x00000000000015ec      0x824 Drivers/STM32F1xx_HAL_Driver/Src/stm32f1xx_hal_spi.o
 .debug_frame   0x0000000000001e10     0x11b8 Drivers/STM32F1xx_HAL_Driver/Src/stm32f1xx_hal_tim.o
 .debug_frame   0x0000000000002fc8      0x638 Drivers/STM32F1xx_HAL_Driver/Src/stm32f1xx_hal_tim_ex.o
 .debug_frame   0x0000000000003600      0x834 Drivers/STM32F1xx_HAL_Driver/Src/stm32f1xx_hal_uart.o
 .debug_frame   0x0000000000003e34       0x20 /opt/st/stm32cubeide_1.4.0/plugins/com.st.stm32cube.ide.mcu.externaltools.gnu-tools-for-stm32.7-2018-q2-update.linux64_1.4.0.202007081208/tools/bin/../lib/gcc/arm-none-eabi/7.3.1/../../../../arm-none-eabi/lib/thumb/v7-m/libstdc++_nano.a(new_opv.o)
 .debug_frame   0x0000000000003e54       0x28 /opt/st/stm32cubeide_1.4.0/plugins/com.st.stm32cube.ide.mcu.externaltools.gnu-tools-for-stm32.7-2018-q2-update.linux64_1.4.0.202007081208/tools/bin/../lib/gcc/arm-none-eabi/7.3.1/../../../../arm-none-eabi/lib/thumb/v7-m/libstdc++_nano.a(new_op.o)
 .debug_frame   0x0000000000003e7c       0x30 /opt/st/stm32cubeide_1.4.0/plugins/com.st.stm32cube.ide.mcu.externaltools.gnu-tools-for-stm32.7-2018-q2-update.linux64_1.4.0.202007081208/tools/bin/../lib/gcc/arm-none-eabi/7.3.1/../../../../arm-none-eabi/lib/thumb/v7-m/libstdc++_nano.a(new_handler.o)
 .debug_frame   0x0000000000003eac       0x28 /opt/st/stm32cubeide_1.4.0/plugins/com.st.stm32cube.ide.mcu.externaltools.gnu-tools-for-stm32.7-2018-q2-update.linux64_1.4.0.202007081208/tools/bin/../lib/gcc/arm-none-eabi/7.3.1/../../../../arm-none-eabi/lib/thumb/v7-m/libc_nano.a(lib_a-abort.o)
 .debug_frame   0x0000000000003ed4       0x20 /opt/st/stm32cubeide_1.4.0/plugins/com.st.stm32cube.ide.mcu.externaltools.gnu-tools-for-stm32.7-2018-q2-update.linux64_1.4.0.202007081208/tools/bin/../lib/gcc/arm-none-eabi/7.3.1/../../../../arm-none-eabi/lib/thumb/v7-m/libc_nano.a(lib_a-errno.o)
 .debug_frame   0x0000000000003ef4       0x2c /opt/st/stm32cubeide_1.4.0/plugins/com.st.stm32cube.ide.mcu.externaltools.gnu-tools-for-stm32.7-2018-q2-update.linux64_1.4.0.202007081208/tools/bin/../lib/gcc/arm-none-eabi/7.3.1/../../../../arm-none-eabi/lib/thumb/v7-m/libc_nano.a(lib_a-init.o)
 .debug_frame   0x0000000000003f20       0x30 /opt/st/stm32cubeide_1.4.0/plugins/com.st.stm32cube.ide.mcu.externaltools.gnu-tools-for-stm32.7-2018-q2-update.linux64_1.4.0.202007081208/tools/bin/../lib/gcc/arm-none-eabi/7.3.1/../../../../arm-none-eabi/lib/thumb/v7-m/libc_nano.a(lib_a-malloc.o)
 .debug_frame   0x0000000000003f50       0x20 /opt/st/stm32cubeide_1.4.0/plugins/com.st.stm32cube.ide.mcu.externaltools.gnu-tools-for-stm32.7-2018-q2-update.linux64_1.4.0.202007081208/tools/bin/../lib/gcc/arm-none-eabi/7.3.1/../../../../arm-none-eabi/lib/thumb/v7-m/libc_nano.a(lib_a-memset.o)
 .debug_frame   0x0000000000003f70       0x38 /opt/st/stm32cubeide_1.4.0/plugins/com.st.stm32cube.ide.mcu.externaltools.gnu-tools-for-stm32.7-2018-q2-update.linux64_1.4.0.202007081208/tools/bin/../lib/gcc/arm-none-eabi/7.3.1/../../../../arm-none-eabi/lib/thumb/v7-m/libc_nano.a(lib_a-nano-freer.o)
 .debug_frame   0x0000000000003fa8       0x2c /opt/st/stm32cubeide_1.4.0/plugins/com.st.stm32cube.ide.mcu.externaltools.gnu-tools-for-stm32.7-2018-q2-update.linux64_1.4.0.202007081208/tools/bin/../lib/gcc/arm-none-eabi/7.3.1/../../../../arm-none-eabi/lib/thumb/v7-m/libc_nano.a(lib_a-nano-mallocr.o)
 .debug_frame   0x0000000000003fd4       0x2c /opt/st/stm32cubeide_1.4.0/plugins/com.st.stm32cube.ide.mcu.externaltools.gnu-tools-for-stm32.7-2018-q2-update.linux64_1.4.0.202007081208/tools/bin/../lib/gcc/arm-none-eabi/7.3.1/../../../../arm-none-eabi/lib/thumb/v7-m/libc_nano.a(lib_a-sbrkr.o)
 .debug_frame   0x0000000000004000       0xcc /opt/st/stm32cubeide_1.4.0/plugins/com.st.stm32cube.ide.mcu.externaltools.gnu-tools-for-stm32.7-2018-q2-update.linux64_1.4.0.202007081208/tools/bin/../lib/gcc/arm-none-eabi/7.3.1/../../../../arm-none-eabi/lib/thumb/v7-m/libc_nano.a(lib_a-signal.o)
 .debug_frame   0x00000000000040cc       0x3c /opt/st/stm32cubeide_1.4.0/plugins/com.st.stm32cube.ide.mcu.externaltools.gnu-tools-for-stm32.7-2018-q2-update.linux64_1.4.0.202007081208/tools/bin/../lib/gcc/arm-none-eabi/7.3.1/../../../../arm-none-eabi/lib/thumb/v7-m/libc_nano.a(lib_a-signalr.o)
 .debug_frame   0x0000000000004108       0x6c /opt/st/stm32cubeide_1.4.0/plugins/com.st.stm32cube.ide.mcu.externaltools.gnu-tools-for-stm32.7-2018-q2-update.linux64_1.4.0.202007081208/tools/bin/../lib/gcc/arm-none-eabi/7.3.1/../../../../arm-none-eabi/lib/thumb/v7-m/libc_nano.a(lib_a-sprintf.o)
 .debug_frame   0x0000000000004174       0x30 /opt/st/stm32cubeide_1.4.0/plugins/com.st.stm32cube.ide.mcu.externaltools.gnu-tools-for-stm32.7-2018-q2-update.linux64_1.4.0.202007081208/tools/bin/../lib/gcc/arm-none-eabi/7.3.1/../../../../arm-none-eabi/lib/thumb/v7-m/libc_nano.a(lib_a-mlock.o)
 .debug_frame   0x00000000000041a4       0x90 /opt/st/stm32cubeide_1.4.0/plugins/com.st.stm32cube.ide.mcu.externaltools.gnu-tools-for-stm32.7-2018-q2-update.linux64_1.4.0.202007081208/tools/bin/../lib/gcc/arm-none-eabi/7.3.1/../../../../arm-none-eabi/lib/thumb/v7-m/libc_nano.a(lib_a-nano-svfprintf.o)
 .debug_frame   0x0000000000004234       0x60 /opt/st/stm32cubeide_1.4.0/plugins/com.st.stm32cube.ide.mcu.externaltools.gnu-tools-for-stm32.7-2018-q2-update.linux64_1.4.0.202007081208/tools/bin/../lib/gcc/arm-none-eabi/7.3.1/../../../../arm-none-eabi/lib/thumb/v7-m/libc_nano.a(lib_a-nano-vfprintf_i.o)
 .debug_frame   0x0000000000004294       0x5c /opt/st/stm32cubeide_1.4.0/plugins/com.st.stm32cube.ide.mcu.externaltools.gnu-tools-for-stm32.7-2018-q2-update.linux64_1.4.0.202007081208/tools/bin/../lib/gcc/arm-none-eabi/7.3.1/../../../../arm-none-eabi/lib/thumb/v7-m/libc_nano.a(lib_a-reent.o)
 .debug_frame   0x00000000000042f0       0x28 /opt/st/stm32cubeide_1.4.0/plugins/com.st.stm32cube.ide.mcu.externaltools.gnu-tools-for-stm32.7-2018-q2-update.linux64_1.4.0.202007081208/tools/bin/../lib/gcc/arm-none-eabi/7.3.1/../../../../arm-none-eabi/lib/thumb/v7-m/libc_nano.a(lib_a-memchr-stub.o)
 .debug_frame   0x0000000000004318       0x28 /opt/st/stm32cubeide_1.4.0/plugins/com.st.stm32cube.ide.mcu.externaltools.gnu-tools-for-stm32.7-2018-q2-update.linux64_1.4.0.202007081208/tools/bin/../lib/gcc/arm-none-eabi/7.3.1/../../../../arm-none-eabi/lib/thumb/v7-m/libc_nano.a(lib_a-memcpy-stub.o)
 .debug_frame   0x0000000000004340       0x28 /opt/st/stm32cubeide_1.4.0/plugins/com.st.stm32cube.ide.mcu.externaltools.gnu-tools-for-stm32.7-2018-q2-update.linux64_1.4.0.202007081208/tools/bin/../lib/gcc/arm-none-eabi/7.3.1/../../../../arm-none-eabi/lib/thumb/v7-m/libc_nano.a(lib_a-memmove.o)
 .debug_frame   0x0000000000004368       0x3c /opt/st/stm32cubeide_1.4.0/plugins/com.st.stm32cube.ide.mcu.externaltools.gnu-tools-for-stm32.7-2018-q2-update.linux64_1.4.0.202007081208/tools/bin/../lib/gcc/arm-none-eabi/7.3.1/../../../../arm-none-eabi/lib/thumb/v7-m/libc_nano.a(lib_a-nano-reallocr.o)
 .debug_frame   0x00000000000043a4       0x20 /opt/st/stm32cubeide_1.4.0/plugins/com.st.stm32cube.ide.mcu.externaltools.gnu-tools-for-stm32.7-2018-q2-update.linux64_1.4.0.202007081208/tools/bin/../lib/gcc/arm-none-eabi/7.3.1/../../../../arm-none-eabi/lib/thumb/v7-m/libc_nano.a(lib_a-nano-msizer.o)
